
*** Running vivado
    with args -log vga.vdi -applog -m64 -product Vivado -messageDb vivado.pb -mode batch -source vga.tcl -notrace


ECHO is off.
ECHO is off.

****** Vivado v2023.2 (64-bit)
  **** SW Build 4029153 on Fri Oct 13 20:14:34 MDT 2023
  **** IP Build 4028589 on Sat Oct 14 00:45:43 MDT 2023
  **** SharedData Build 4025554 on Tue Oct 10 17:18:54 MDT 2023
    ** Copyright 1986-2022 Xilinx, Inc. All Rights Reserved.
    ** Copyright 2022-2023 Advanced Micro Devices, Inc. All Rights Reserved.

source vga.tcl -notrace
Command: link_design -top vga -part xc7a35tcpg236-1
Design is defaulting to srcset: sources_1
Design is defaulting to constrset: constrs_1
INFO: [Device 21-403] Loading part xc7a35tcpg236-1
Netlist sorting complete. Time (s): cpu = 00:00:00 ; elapsed = 00:00:00.012 . Memory (MB): peak = 897.898 ; gain = 0.000
INFO: [Netlist 29-17] Analyzing 1303 Unisim elements for replacement
INFO: [Netlist 29-28] Unisim Transformation completed in 0 CPU seconds
WARNING: [Netlist 29-101] Netlist 'vga' is not ideal for floorplanning, since the cellview 'Ai_processing' contains a large number of primitives.  Please consider enabling hierarchy in synthesis if you want to do floorplanning.
INFO: [Project 1-479] Netlist was created with Vivado 2023.2
INFO: [Project 1-570] Preparing netlist for logic optimization
Parsing XDC File [C:/Users/bardi/Desktop/AI_VHDL/VHDL_CODE/VHDL_CODE.srcs/constrs_1/Basys-3-Master.xdc]
Finished Parsing XDC File [C:/Users/bardi/Desktop/AI_VHDL/VHDL_CODE/VHDL_CODE.srcs/constrs_1/Basys-3-Master.xdc]
INFO: [Opt 31-138] Pushed 0 inverter(s) to 0 load pin(s).
Netlist sorting complete. Time (s): cpu = 00:00:00 ; elapsed = 00:00:00.001 . Memory (MB): peak = 1038.895 ; gain = 0.000
INFO: [Project 1-111] Unisim Transformation Summary:
  A total of 9 instances were transformed.
  RAM64M => RAM64M (RAMD64E(x4)): 9 instances

The system cannot find the path specified.
7 Infos, 1 Warnings, 0 Critical Warnings and 0 Errors encountered.
link_design completed successfully
Command: opt_design
Attempting to get a license for feature 'Implementation' and/or device 'xc7a35t'
INFO: [Common 17-349] Got license for feature 'Implementation' and/or device 'xc7a35t'
Running DRC as a precondition to command opt_design

Starting DRC Task
INFO: [DRC 23-27] Running DRC with 2 threads
INFO: [Project 1-461] DRC finished with 0 Errors
INFO: [Project 1-462] Please refer to the DRC report (report_drc) for more information.

Time (s): cpu = 00:00:01 ; elapsed = 00:00:00.399 . Memory (MB): peak = 1061.961 ; gain = 23.066

Starting Cache Timing Information Task
INFO: [Timing 38-35] Done setting XDC timing constraints.
Ending Cache Timing Information Task | Checksum: 1b13513f9

Time (s): cpu = 00:00:03 ; elapsed = 00:00:03 . Memory (MB): peak = 1610.867 ; gain = 548.906

Starting Logic Optimization Task

Phase 1 Initialization

Phase 1.1 Core Generation And Design Setup
Phase 1.1 Core Generation And Design Setup | Checksum: 1b13513f9

Time (s): cpu = 00:00:00 ; elapsed = 00:00:00.002 . Memory (MB): peak = 1976.465 ; gain = 0.000

Phase 1.2 Setup Constraints And Sort Netlist
Phase 1.2 Setup Constraints And Sort Netlist | Checksum: 1b13513f9

Time (s): cpu = 00:00:00 ; elapsed = 00:00:00.004 . Memory (MB): peak = 1976.465 ; gain = 0.000
Phase 1 Initialization | Checksum: 1b13513f9

Time (s): cpu = 00:00:00 ; elapsed = 00:00:00.004 . Memory (MB): peak = 1976.465 ; gain = 0.000

Phase 2 Timer Update And Timing Data Collection

Phase 2.1 Timer Update
Phase 2.1 Timer Update | Checksum: 1b13513f9

Time (s): cpu = 00:00:00 ; elapsed = 00:00:00.067 . Memory (MB): peak = 1976.465 ; gain = 0.000

Phase 2.2 Timing Data Collection
Phase 2.2 Timing Data Collection | Checksum: 1b13513f9

Time (s): cpu = 00:00:00 ; elapsed = 00:00:00.073 . Memory (MB): peak = 1976.465 ; gain = 0.000
Phase 2 Timer Update And Timing Data Collection | Checksum: 1b13513f9

Time (s): cpu = 00:00:00 ; elapsed = 00:00:00.073 . Memory (MB): peak = 1976.465 ; gain = 0.000

Phase 3 Retarget
INFO: [Opt 31-138] Pushed 0 inverter(s) to 0 load pin(s).
INFO: [Opt 31-49] Retargeted 0 cell(s).
Phase 3 Retarget | Checksum: 1b13513f9

Time (s): cpu = 00:00:00 ; elapsed = 00:00:00.105 . Memory (MB): peak = 1976.465 ; gain = 0.000
Retarget | Checksum: 1b13513f9
INFO: [Opt 31-389] Phase Retarget created 0 cells and removed 0 cells

Phase 4 Constant propagation
INFO: [Opt 31-138] Pushed 0 inverter(s) to 0 load pin(s).
Phase 4 Constant propagation | Checksum: 1fcadd84b

Time (s): cpu = 00:00:00 ; elapsed = 00:00:00.126 . Memory (MB): peak = 1976.465 ; gain = 0.000
Constant propagation | Checksum: 1fcadd84b
INFO: [Opt 31-389] Phase Constant propagation created 0 cells and removed 0 cells

Phase 5 Sweep
Phase 5 Sweep | Checksum: 24af76056

Time (s): cpu = 00:00:00 ; elapsed = 00:00:00.150 . Memory (MB): peak = 1976.465 ; gain = 0.000
Sweep | Checksum: 24af76056
INFO: [Opt 31-389] Phase Sweep created 10 cells and removed 0 cells

Phase 6 BUFG optimization
Phase 6 BUFG optimization | Checksum: 24af76056

Time (s): cpu = 00:00:00 ; elapsed = 00:00:00.180 . Memory (MB): peak = 1976.465 ; gain = 0.000
BUFG optimization | Checksum: 24af76056
INFO: [Opt 31-662] Phase BUFG optimization created 0 cells of which 0 are BUFGs and removed 0 cells.

Phase 7 Shift Register Optimization
INFO: [Opt 31-1064] SRL Remap converted 0 SRLs to 0 registers and converted 0 registers of register chains to 0 SRLs
Phase 7 Shift Register Optimization | Checksum: 24af76056

Time (s): cpu = 00:00:00 ; elapsed = 00:00:00.183 . Memory (MB): peak = 1976.465 ; gain = 0.000
Shift Register Optimization | Checksum: 24af76056
INFO: [Opt 31-389] Phase Shift Register Optimization created 0 cells and removed 0 cells

Phase 8 Post Processing Netlist
Phase 8 Post Processing Netlist | Checksum: 24af76056

Time (s): cpu = 00:00:00 ; elapsed = 00:00:00.191 . Memory (MB): peak = 1976.465 ; gain = 0.000
Post Processing Netlist | Checksum: 24af76056
INFO: [Opt 31-389] Phase Post Processing Netlist created 0 cells and removed 0 cells

Phase 9 Finalization

Phase 9.1 Finalizing Design Cores and Updating Shapes
Phase 9.1 Finalizing Design Cores and Updating Shapes | Checksum: 20736030a

Time (s): cpu = 00:00:00 ; elapsed = 00:00:00.217 . Memory (MB): peak = 1976.465 ; gain = 0.000

Phase 9.2 Verifying Netlist Connectivity

Starting Connectivity Check Task

Time (s): cpu = 00:00:00 ; elapsed = 00:00:00.005 . Memory (MB): peak = 1976.465 ; gain = 0.000
Phase 9.2 Verifying Netlist Connectivity | Checksum: 20736030a

Time (s): cpu = 00:00:00 ; elapsed = 00:00:00.223 . Memory (MB): peak = 1976.465 ; gain = 0.000
Phase 9 Finalization | Checksum: 20736030a

Time (s): cpu = 00:00:00 ; elapsed = 00:00:00.224 . Memory (MB): peak = 1976.465 ; gain = 0.000
Opt_design Change Summary
=========================


-------------------------------------------------------------------------------------------------------------------------
|  Phase                        |  #Cells created  |  #Cells Removed  |  #Constrained objects preventing optimizations  |
-------------------------------------------------------------------------------------------------------------------------
|  Retarget                     |               0  |               0  |                                              0  |
|  Constant propagation         |               0  |               0  |                                              0  |
|  Sweep                        |              10  |               0  |                                              0  |
|  BUFG optimization            |               0  |               0  |                                              0  |
|  Shift Register Optimization  |               0  |               0  |                                              0  |
|  Post Processing Netlist      |               0  |               0  |                                              0  |
-------------------------------------------------------------------------------------------------------------------------


Ending Logic Optimization Task | Checksum: 20736030a

Time (s): cpu = 00:00:00 ; elapsed = 00:00:00.225 . Memory (MB): peak = 1976.465 ; gain = 0.000
INFO: [Constraints 18-11670] Building netlist checker database with flags, 0x8
Done building netlist checker database: Time (s): cpu = 00:00:00 ; elapsed = 00:00:00 . Memory (MB): peak = 1976.465 ; gain = 0.000

Starting Power Optimization Task
INFO: [Pwropt 34-132] Skipping clock gating for clocks with a period < 2.00 ns.
Ending Power Optimization Task | Checksum: 20736030a

Time (s): cpu = 00:00:00 ; elapsed = 00:00:00.005 . Memory (MB): peak = 1976.465 ; gain = 0.000

Starting Final Cleanup Task
Ending Final Cleanup Task | Checksum: 20736030a

Time (s): cpu = 00:00:00 ; elapsed = 00:00:00 . Memory (MB): peak = 1976.465 ; gain = 0.000

Starting Netlist Obfuscation Task
Netlist sorting complete. Time (s): cpu = 00:00:00 ; elapsed = 00:00:00.001 . Memory (MB): peak = 1976.465 ; gain = 0.000
Ending Netlist Obfuscation Task | Checksum: 20736030a

Time (s): cpu = 00:00:00 ; elapsed = 00:00:00.001 . Memory (MB): peak = 1976.465 ; gain = 0.000
INFO: [Common 17-83] Releasing license: Implementation
25 Infos, 1 Warnings, 0 Critical Warnings and 0 Errors encountered.
opt_design completed successfully
opt_design: Time (s): cpu = 00:00:06 ; elapsed = 00:00:06 . Memory (MB): peak = 1976.465 ; gain = 937.570
INFO: [runtcl-4] Executing : report_drc -file vga_drc_opted.rpt -pb vga_drc_opted.pb -rpx vga_drc_opted.rpx
Command: report_drc -file vga_drc_opted.rpt -pb vga_drc_opted.pb -rpx vga_drc_opted.rpx
INFO: [IP_Flow 19-234] Refreshing IP repositories
INFO: [IP_Flow 19-1704] No user IP repositories specified
INFO: [IP_Flow 19-2313] Loaded Vivado IP repository 'C:/Xilinx/Vivado/2023.2/data/ip'.
INFO: [DRC 23-27] Running DRC with 2 threads
INFO: [Vivado_Tcl 2-168] The results of DRC are in file C:/Users/bardi/Desktop/AI_VHDL/VHDL_CODE/VHDL_CODE.runs/impl_1/vga_drc_opted.rpt.
report_drc completed successfully
INFO: [Timing 38-480] Writing timing data to binary archive.
Wrote PlaceDB: Time (s): cpu = 00:00:00 ; elapsed = 00:00:00.002 . Memory (MB): peak = 1976.465 ; gain = 0.000
Wrote PulsedLatchDB: Time (s): cpu = 00:00:00 ; elapsed = 00:00:00 . Memory (MB): peak = 1976.465 ; gain = 0.000
Writing XDEF routing.
Write ShapeDB Complete: Time (s): cpu = 00:00:00 ; elapsed = 00:00:00.007 . Memory (MB): peak = 1976.465 ; gain = 0.000
Writing XDEF routing logical nets.
Writing XDEF routing special nets.
Wrote RouteStorage: Time (s): cpu = 00:00:00 ; elapsed = 00:00:00.012 . Memory (MB): peak = 1976.465 ; gain = 0.000
Wrote Netlist Cache: Time (s): cpu = 00:00:00 ; elapsed = 00:00:00 . Memory (MB): peak = 1976.465 ; gain = 0.000
Wrote Device Cache: Time (s): cpu = 00:00:00 ; elapsed = 00:00:00.003 . Memory (MB): peak = 1976.465 ; gain = 0.000
Write Physdb Complete: Time (s): cpu = 00:00:00 ; elapsed = 00:00:00.020 . Memory (MB): peak = 1976.465 ; gain = 0.000
INFO: [Common 17-1381] The checkpoint 'C:/Users/bardi/Desktop/AI_VHDL/VHDL_CODE/VHDL_CODE.runs/impl_1/vga_opt.dcp' has been generated.
Command: place_design
Attempting to get a license for feature 'Implementation' and/or device 'xc7a35t'
INFO: [Common 17-349] Got license for feature 'Implementation' and/or device 'xc7a35t'
INFO: [Common 17-83] Releasing license: Implementation
INFO: [DRC 23-27] Running DRC with 2 threads
INFO: [Vivado_Tcl 4-198] DRC finished with 0 Errors
INFO: [Vivado_Tcl 4-199] Please refer to the DRC report (report_drc) for more information.
Running DRC as a precondition to command place_design
INFO: [DRC 23-27] Running DRC with 2 threads
INFO: [Vivado_Tcl 4-198] DRC finished with 0 Errors
INFO: [Vivado_Tcl 4-199] Please refer to the DRC report (report_drc) for more information.
INFO: [Place 30-611] Multithreading enabled for place_design using a maximum of 2 CPUs

Starting Placer Task

Phase 1 Placer Initialization

Phase 1.1 Placer Initialization Netlist Sorting
Netlist sorting complete. Time (s): cpu = 00:00:00 ; elapsed = 00:00:00.001 . Memory (MB): peak = 1976.465 ; gain = 0.000
Phase 1.1 Placer Initialization Netlist Sorting | Checksum: 1732936ca

Time (s): cpu = 00:00:00 ; elapsed = 00:00:00.002 . Memory (MB): peak = 1976.465 ; gain = 0.000
Netlist sorting complete. Time (s): cpu = 00:00:00 ; elapsed = 00:00:00.001 . Memory (MB): peak = 1976.465 ; gain = 0.000

Phase 1.2 IO Placement/ Clock Placement/ Build Placer Device
INFO: [Timing 38-35] Done setting XDC timing constraints.
Phase 1.2 IO Placement/ Clock Placement/ Build Placer Device | Checksum: a8686172

Time (s): cpu = 00:00:00 ; elapsed = 00:00:00.221 . Memory (MB): peak = 1976.465 ; gain = 0.000

Phase 1.3 Build Placer Netlist Model
Phase 1.3 Build Placer Netlist Model | Checksum: 12dac18c2

Time (s): cpu = 00:00:01 ; elapsed = 00:00:00.652 . Memory (MB): peak = 1976.465 ; gain = 0.000

Phase 1.4 Constrain Clocks/Macros
Phase 1.4 Constrain Clocks/Macros | Checksum: 12dac18c2

Time (s): cpu = 00:00:01 ; elapsed = 00:00:00.657 . Memory (MB): peak = 1976.465 ; gain = 0.000
Phase 1 Placer Initialization | Checksum: 12dac18c2

Time (s): cpu = 00:00:01 ; elapsed = 00:00:00.664 . Memory (MB): peak = 1976.465 ; gain = 0.000

Phase 2 Global Placement

Phase 2.1 Floorplanning
Phase 2.1 Floorplanning | Checksum: 1729de20f

Time (s): cpu = 00:00:01 ; elapsed = 00:00:00.844 . Memory (MB): peak = 1976.465 ; gain = 0.000

Phase 2.2 Update Timing before SLR Path Opt
Phase 2.2 Update Timing before SLR Path Opt | Checksum: c31d522f

Time (s): cpu = 00:00:01 ; elapsed = 00:00:00.974 . Memory (MB): peak = 1976.465 ; gain = 0.000

Phase 2.3 Post-Processing in Floorplanning
Phase 2.3 Post-Processing in Floorplanning | Checksum: c31d522f

Time (s): cpu = 00:00:01 ; elapsed = 00:00:00.983 . Memory (MB): peak = 1976.465 ; gain = 0.000

Phase 2.4 Global Placement Core

Phase 2.4.1 UpdateTiming Before Physical Synthesis
Phase 2.4.1 UpdateTiming Before Physical Synthesis | Checksum: ae91f3fd

Time (s): cpu = 00:00:04 ; elapsed = 00:00:03 . Memory (MB): peak = 1976.465 ; gain = 0.000

Phase 2.4.2 Physical Synthesis In Placer
INFO: [Physopt 32-1035] Found 77 LUTNM shape to break, 35 LUT instances to create LUTNM shape
INFO: [Physopt 32-1044] Break lutnm for timing: one critical 3, two critical 74, total 77, new lutff created 0
INFO: [Physopt 32-1138] End 1 Pass. Optimized 89 nets or LUTs. Breaked 77 LUTs, combined 12 existing LUTs and moved 0 existing LUT
INFO: [Physopt 32-65] No nets found for high-fanout optimization.
INFO: [Physopt 32-232] Optimized 0 net. Created 0 new instance.
INFO: [Physopt 32-775] End 1 Pass. Optimized 0 net or cell. Created 0 new cell, deleted 0 existing cell and moved 0 existing cell
INFO: [Physopt 32-456] No candidate cells for DSP register optimization found in the design.
INFO: [Physopt 32-775] End 2 Pass. Optimized 0 net or cell. Created 0 new cell, deleted 0 existing cell and moved 0 existing cell
INFO: [Physopt 32-1123] No candidate cells found for Shift Register to Pipeline optimization
INFO: [Physopt 32-775] End 2 Pass. Optimized 0 net or cell. Created 0 new cell, deleted 0 existing cell and moved 0 existing cell
INFO: [Physopt 32-1401] No candidate cells found for Shift Register optimization.
INFO: [Physopt 32-677] No candidate cells for Shift Register optimization found in the design
INFO: [Physopt 32-775] End 1 Pass. Optimized 0 net or cell. Created 0 new cell, deleted 0 existing cell and moved 0 existing cell
INFO: [Physopt 32-526] No candidate cells for BRAM register optimization found in the design
INFO: [Physopt 32-775] End 1 Pass. Optimized 0 net or cell. Created 0 new cell, deleted 0 existing cell and moved 0 existing cell
INFO: [Physopt 32-846] No candidate cells for URAM register optimization found in the design
INFO: [Physopt 32-775] End 1 Pass. Optimized 0 net or cell. Created 0 new cell, deleted 0 existing cell and moved 0 existing cell
INFO: [Physopt 32-846] No candidate cells for URAM register optimization found in the design
INFO: [Physopt 32-775] End 1 Pass. Optimized 0 net or cell. Created 0 new cell, deleted 0 existing cell and moved 0 existing cell
INFO: [Physopt 32-949] No candidate nets found for dynamic/static region interface net replication
INFO: [Physopt 32-775] End 1 Pass. Optimized 0 net or cell. Created 0 new cell, deleted 0 existing cell and moved 0 existing cell
Netlist sorting complete. Time (s): cpu = 00:00:00 ; elapsed = 00:00:00.001 . Memory (MB): peak = 1976.465 ; gain = 0.000

Summary of Physical Synthesis Optimizations
============================================


-----------------------------------------------------------------------------------------------------------------------------------------------------------
|  Optimization                                     |  Added Cells  |  Removed Cells  |  Optimized Cells/Nets  |  Dont Touch  |  Iterations  |  Elapsed   |
-----------------------------------------------------------------------------------------------------------------------------------------------------------
|  LUT Combining                                    |           77  |             12  |                    89  |           0  |           1  |  00:00:00  |
|  Retime                                           |            0  |              0  |                     0  |           0  |           1  |  00:00:00  |
|  Very High Fanout                                 |            0  |              0  |                     0  |           0  |           1  |  00:00:00  |
|  DSP Register                                     |            0  |              0  |                     0  |           0  |           1  |  00:00:00  |
|  Shift Register to Pipeline                       |            0  |              0  |                     0  |           0  |           1  |  00:00:00  |
|  Shift Register                                   |            0  |              0  |                     0  |           0  |           1  |  00:00:00  |
|  BRAM Register                                    |            0  |              0  |                     0  |           0  |           1  |  00:00:00  |
|  URAM Register                                    |            0  |              0  |                     0  |           0  |           1  |  00:00:00  |
|  Dynamic/Static Region Interface Net Replication  |            0  |              0  |                     0  |           0  |           1  |  00:00:00  |
|  Total                                            |           77  |             12  |                    89  |           0  |           9  |  00:00:00  |
-----------------------------------------------------------------------------------------------------------------------------------------------------------


Phase 2.4.2 Physical Synthesis In Placer | Checksum: 18d13ca70

Time (s): cpu = 00:00:05 ; elapsed = 00:00:03 . Memory (MB): peak = 1976.465 ; gain = 0.000
Phase 2.4 Global Placement Core | Checksum: 153d209e0

Time (s): cpu = 00:00:05 ; elapsed = 00:00:03 . Memory (MB): peak = 1976.465 ; gain = 0.000
Phase 2 Global Placement | Checksum: 153d209e0

Time (s): cpu = 00:00:05 ; elapsed = 00:00:03 . Memory (MB): peak = 1976.465 ; gain = 0.000

Phase 3 Detail Placement

Phase 3.1 Commit Multi Column Macros
Phase 3.1 Commit Multi Column Macros | Checksum: 118a2232c

Time (s): cpu = 00:00:05 ; elapsed = 00:00:03 . Memory (MB): peak = 1976.465 ; gain = 0.000

Phase 3.2 Commit Most Macros & LUTRAMs
Phase 3.2 Commit Most Macros & LUTRAMs | Checksum: 18ea58c74

Time (s): cpu = 00:00:05 ; elapsed = 00:00:03 . Memory (MB): peak = 1976.465 ; gain = 0.000

Phase 3.3 Area Swap Optimization
Phase 3.3 Area Swap Optimization | Checksum: 135e24e35

Time (s): cpu = 00:00:05 ; elapsed = 00:00:03 . Memory (MB): peak = 1976.465 ; gain = 0.000

Phase 3.4 Pipeline Register Optimization
Phase 3.4 Pipeline Register Optimization | Checksum: 104962450

Time (s): cpu = 00:00:05 ; elapsed = 00:00:03 . Memory (MB): peak = 1976.465 ; gain = 0.000

Phase 3.5 Fast Optimization
Phase 3.5 Fast Optimization | Checksum: e8e4707c

Time (s): cpu = 00:00:08 ; elapsed = 00:00:07 . Memory (MB): peak = 1976.465 ; gain = 0.000

Phase 3.6 Small Shape Detail Placement
Phase 3.6 Small Shape Detail Placement | Checksum: c73d67f6

Time (s): cpu = 00:00:09 ; elapsed = 00:00:08 . Memory (MB): peak = 1976.465 ; gain = 0.000

Phase 3.7 Re-assign LUT pins
Phase 3.7 Re-assign LUT pins | Checksum: 119874d3d

Time (s): cpu = 00:00:09 ; elapsed = 00:00:08 . Memory (MB): peak = 1976.465 ; gain = 0.000

Phase 3.8 Pipeline Register Optimization
Phase 3.8 Pipeline Register Optimization | Checksum: 16ad4a820

Time (s): cpu = 00:00:09 ; elapsed = 00:00:08 . Memory (MB): peak = 1976.465 ; gain = 0.000

Phase 3.9 Fast Optimization
Phase 3.9 Fast Optimization | Checksum: 13d867320

Time (s): cpu = 00:00:13 ; elapsed = 00:00:12 . Memory (MB): peak = 1976.465 ; gain = 0.000
Phase 3 Detail Placement | Checksum: 13d867320

Time (s): cpu = 00:00:13 ; elapsed = 00:00:12 . Memory (MB): peak = 1976.465 ; gain = 0.000

Phase 4 Post Placement Optimization and Clean-Up

Phase 4.1 Post Commit Optimization
INFO: [Timing 38-35] Done setting XDC timing constraints.

Phase 4.1.1 Post Placement Optimization
Post Placement Optimization Initialization | Checksum: 12f9f2f02

Phase 4.1.1.1 BUFG Insertion

Starting Physical Synthesis Task

Phase 1 Physical Synthesis Initialization
INFO: [Physopt 32-721] Multithreading enabled for phys_opt_design using a maximum of 2 CPUs
INFO: [Physopt 32-619] Estimated Timing Summary | WNS=-3.355 | TNS=-53.549 |
Phase 1 Physical Synthesis Initialization | Checksum: 17abd52ec

Time (s): cpu = 00:00:00 ; elapsed = 00:00:00.096 . Memory (MB): peak = 1985.785 ; gain = 0.000
INFO: [Place 46-56] BUFG insertion identified 0 candidate nets. Inserted BUFG: 0, Replicated BUFG Driver: 0, Skipped due to Placement/Routing Conflicts: 0, Skipped due to Timing Degradation: 0, Skipped due to netlist editing failed: 0.
Ending Physical Synthesis Task | Checksum: 17abd52ec

Time (s): cpu = 00:00:00 ; elapsed = 00:00:00.119 . Memory (MB): peak = 1985.785 ; gain = 0.000
Phase 4.1.1.1 BUFG Insertion | Checksum: 12f9f2f02

Time (s): cpu = 00:00:14 ; elapsed = 00:00:13 . Memory (MB): peak = 1985.785 ; gain = 9.320

Phase 4.1.1.2 Post Placement Timing Optimization
INFO: [Place 30-746] Post Placement Timing Summary WNS=-2.306. For the most accurate timing information please run report_timing.
Phase 4.1.1.2 Post Placement Timing Optimization | Checksum: 1b09a64e2

Time (s): cpu = 00:00:21 ; elapsed = 00:00:20 . Memory (MB): peak = 1993.223 ; gain = 16.758

Time (s): cpu = 00:00:21 ; elapsed = 00:00:20 . Memory (MB): peak = 1993.223 ; gain = 16.758
Phase 4.1 Post Commit Optimization | Checksum: 1b09a64e2

Time (s): cpu = 00:00:21 ; elapsed = 00:00:20 . Memory (MB): peak = 1993.223 ; gain = 16.758

Phase 4.2 Post Placement Cleanup
Phase 4.2 Post Placement Cleanup | Checksum: 1b09a64e2

Time (s): cpu = 00:00:21 ; elapsed = 00:00:20 . Memory (MB): peak = 1993.223 ; gain = 16.758

Phase 4.3 Placer Reporting

Phase 4.3.1 Print Estimated Congestion
INFO: [Place 30-612] Post-Placement Estimated Congestion 
 ____________________________________________________
|           | Global Congestion | Short Congestion  |
| Direction | Region Size       | Region Size       |
|___________|___________________|___________________|
|      North|                1x1|                2x2|
|___________|___________________|___________________|
|      South|                1x1|                2x2|
|___________|___________________|___________________|
|       East|                1x1|                1x1|
|___________|___________________|___________________|
|       West|                1x1|                1x1|
|___________|___________________|___________________|

Phase 4.3.1 Print Estimated Congestion | Checksum: 1b09a64e2

Time (s): cpu = 00:00:21 ; elapsed = 00:00:20 . Memory (MB): peak = 1993.223 ; gain = 16.758
Phase 4.3 Placer Reporting | Checksum: 1b09a64e2

Time (s): cpu = 00:00:21 ; elapsed = 00:00:20 . Memory (MB): peak = 1993.223 ; gain = 16.758

Phase 4.4 Final Placement Cleanup
Netlist sorting complete. Time (s): cpu = 00:00:00 ; elapsed = 00:00:00.001 . Memory (MB): peak = 1993.223 ; gain = 0.000

Time (s): cpu = 00:00:21 ; elapsed = 00:00:20 . Memory (MB): peak = 1993.223 ; gain = 16.758
Phase 4 Post Placement Optimization and Clean-Up | Checksum: 1e350d0c3

Time (s): cpu = 00:00:21 ; elapsed = 00:00:20 . Memory (MB): peak = 1993.223 ; gain = 16.758
Ending Placer Task | Checksum: 110a8586e

Time (s): cpu = 00:00:21 ; elapsed = 00:00:20 . Memory (MB): peak = 1993.223 ; gain = 16.758
70 Infos, 1 Warnings, 0 Critical Warnings and 0 Errors encountered.
place_design completed successfully
place_design: Time (s): cpu = 00:00:22 ; elapsed = 00:00:20 . Memory (MB): peak = 1993.223 ; gain = 16.758
INFO: [runtcl-4] Executing : report_io -file vga_io_placed.rpt
report_io: Time (s): cpu = 00:00:01 ; elapsed = 00:00:00.023 . Memory (MB): peak = 1995.746 ; gain = 2.523
INFO: [runtcl-4] Executing : report_utilization -file vga_utilization_placed.rpt -pb vga_utilization_placed.pb
INFO: [runtcl-4] Executing : report_control_sets -verbose -file vga_control_sets_placed.rpt
report_control_sets: Time (s): cpu = 00:00:00 ; elapsed = 00:00:00.004 . Memory (MB): peak = 1995.746 ; gain = 0.000
INFO: [Timing 38-480] Writing timing data to binary archive.
Write ShapeDB Complete: Time (s): cpu = 00:00:00 ; elapsed = 00:00:00.007 . Memory (MB): peak = 2016.598 ; gain = 2.953
Wrote PlaceDB: Time (s): cpu = 00:00:00 ; elapsed = 00:00:00.156 . Memory (MB): peak = 2016.598 ; gain = 0.000
Wrote PulsedLatchDB: Time (s): cpu = 00:00:00 ; elapsed = 00:00:00 . Memory (MB): peak = 2016.598 ; gain = 0.000
Writing XDEF routing.
Writing XDEF routing logical nets.
Writing XDEF routing special nets.
Wrote RouteStorage: Time (s): cpu = 00:00:00 ; elapsed = 00:00:00.012 . Memory (MB): peak = 2016.598 ; gain = 0.000
Wrote Netlist Cache: Time (s): cpu = 00:00:00 ; elapsed = 00:00:00.007 . Memory (MB): peak = 2016.598 ; gain = 0.000
Wrote Device Cache: Time (s): cpu = 00:00:00 ; elapsed = 00:00:00.003 . Memory (MB): peak = 2016.598 ; gain = 0.000
Write Physdb Complete: Time (s): cpu = 00:00:00 ; elapsed = 00:00:00.182 . Memory (MB): peak = 2016.598 ; gain = 2.953
INFO: [Common 17-1381] The checkpoint 'C:/Users/bardi/Desktop/AI_VHDL/VHDL_CODE/VHDL_CODE.runs/impl_1/vga_placed.dcp' has been generated.
Command: phys_opt_design
Attempting to get a license for feature 'Implementation' and/or device 'xc7a35t'
INFO: [Common 17-349] Got license for feature 'Implementation' and/or device 'xc7a35t'

Starting Initial Update Timing Task

Time (s): cpu = 00:00:01 ; elapsed = 00:00:00.395 . Memory (MB): peak = 2031.125 ; gain = 14.527
INFO: [Vivado_Tcl 4-1435] PhysOpt_Tcl_Interface Runtime Before Starting Physical Synthesis Task | CPU: 1.00s |  WALL: 0.42s
Netlist sorting complete. Time (s): cpu = 00:00:00 ; elapsed = 00:00:00.001 . Memory (MB): peak = 2031.125 ; gain = 0.000

Starting Physical Synthesis Task

Phase 1 Physical Synthesis Initialization
INFO: [Physopt 32-721] Multithreading enabled for phys_opt_design using a maximum of 2 CPUs
INFO: [Physopt 32-619] Estimated Timing Summary | WNS=-2.306 | TNS=-37.385 |
Phase 1 Physical Synthesis Initialization | Checksum: 12928b189

Time (s): cpu = 00:00:01 ; elapsed = 00:00:00.219 . Memory (MB): peak = 2032.203 ; gain = 1.078
INFO: [Physopt 32-619] Estimated Timing Summary | WNS=-2.306 | TNS=-37.385 |

Phase 2 DSP Register Optimization
INFO: [Physopt 32-456] No candidate cells for DSP register optimization found in the design.
INFO: [Physopt 32-775] End 2 Pass. Optimized 0 net or cell. Created 0 new cell, deleted 0 existing cell and moved 0 existing cell
Phase 2 DSP Register Optimization | Checksum: 12928b189

Time (s): cpu = 00:00:01 ; elapsed = 00:00:00.241 . Memory (MB): peak = 2032.203 ; gain = 1.078

Phase 3 Critical Path Optimization
INFO: [Physopt 32-619] Estimated Timing Summary | WNS=-2.306 | TNS=-37.385 |
INFO: [Physopt 32-702] Processed net AI_instance/accumulator_reg_n_0_[21]. Optimizations did not improve timing on the net.
INFO: [Physopt 32-81] Processed net AI_instance/compute_index_reg_rep[0]__45_n_0. Replicated 1 times.
INFO: [Physopt 32-735] Processed net AI_instance/compute_index_reg_rep[0]__45_n_0. Optimization improves timing on the net.
INFO: [Physopt 32-619] Estimated Timing Summary | WNS=-2.290 | TNS=-37.229 |
INFO: [Physopt 32-702] Processed net AI_instance/compute_index_reg_rep[0]__45_n_0. Optimizations did not improve timing on the net.
INFO: [Physopt 32-702] Processed net AI_instance/accumulator0[21]. Optimizations did not improve timing on the net.
INFO: [Physopt 32-702] Processed net AI_instance/accumulator_reg[16]_i_3_n_0. Optimizations did not improve timing on the net.
INFO: [Physopt 32-702] Processed net AI_instance/accumulator_reg[15]_i_3_n_0. Optimizations did not improve timing on the net.
INFO: [Physopt 32-702] Processed net AI_instance/accumulator[15]_i_12_n_0. Optimizations did not improve timing on the net.
INFO: [Physopt 32-702] Processed net AI_instance/accumulator1[13]. Optimizations did not improve timing on the net.
INFO: [Physopt 32-702] Processed net AI_instance/accumulator_reg[15]_i_21_n_0. Optimizations did not improve timing on the net.
INFO: [Physopt 32-702] Processed net AI_instance/accumulator[15]_i_42_n_0. Optimizations did not improve timing on the net.
INFO: [Physopt 32-702] Processed net AI_instance/accumulator_reg[15]_i_70_n_6. Optimizations did not improve timing on the net.
INFO: [Physopt 32-702] Processed net AI_instance/accumulator_reg[0]_i_14_n_0. Optimizations did not improve timing on the net.
INFO: [Physopt 32-702] Processed net AI_instance/accumulator[0]_i_32_n_0. Optimizations did not improve timing on the net.
INFO: [Physopt 32-702] Processed net AI_instance/accumulator[0]_i_31_n_0. Optimizations did not improve timing on the net.
INFO: [Physopt 32-81] Processed net AI_instance/accumulator[0]_i_57_n_0. Replicated 1 times.
INFO: [Physopt 32-735] Processed net AI_instance/accumulator[0]_i_57_n_0. Optimization improves timing on the net.
INFO: [Physopt 32-619] Estimated Timing Summary | WNS=-2.288 | TNS=-37.211 |
INFO: [Physopt 32-702] Processed net AI_instance/accumulator[0]_i_57_n_0. Optimizations did not improve timing on the net.
INFO: [Physopt 32-702] Processed net AI_instance/accumulator_reg[0]_i_100_n_0. Optimizations did not improve timing on the net.
INFO: [Physopt 32-608] Optimized 1 net.  Swapped 24 pins.
INFO: [Physopt 32-735] Processed net AI_instance/accumulator[0]_i_225_n_0. Optimization improves timing on the net.
INFO: [Physopt 32-619] Estimated Timing Summary | WNS=-2.284 | TNS=-37.175 |
INFO: [Physopt 32-601] Processed net AI_instance/compute_index_reg_rep[0]__5_n_0. Net driver AI_instance/compute_index_reg_rep[0]__5 was replaced.
INFO: [Physopt 32-735] Processed net AI_instance/compute_index_reg_rep[0]__5_n_0. Optimization improves timing on the net.
INFO: [Physopt 32-619] Estimated Timing Summary | WNS=-2.280 | TNS=-37.143 |
INFO: [Physopt 32-601] Processed net AI_instance/compute_index_reg_rep[1]__7_n_0. Net driver AI_instance/compute_index_reg_rep[1]__7 was replaced.
INFO: [Physopt 32-735] Processed net AI_instance/compute_index_reg_rep[1]__7_n_0. Optimization improves timing on the net.
INFO: [Physopt 32-619] Estimated Timing Summary | WNS=-2.280 | TNS=-37.143 |
INFO: [Physopt 32-601] Processed net AI_instance/compute_index_reg_rep[0]__112_n_0. Net driver AI_instance/compute_index_reg_rep[0]__112 was replaced.
INFO: [Physopt 32-735] Processed net AI_instance/compute_index_reg_rep[0]__112_n_0. Optimization improves timing on the net.
INFO: [Physopt 32-619] Estimated Timing Summary | WNS=-2.275 | TNS=-37.108 |
INFO: [Physopt 32-81] Processed net AI_instance/compute_index_reg_rep[0]__78_n_0. Replicated 1 times.
INFO: [Physopt 32-735] Processed net AI_instance/compute_index_reg_rep[0]__78_n_0. Optimization improves timing on the net.
INFO: [Physopt 32-619] Estimated Timing Summary | WNS=-2.275 | TNS=-37.108 |
INFO: [Physopt 32-81] Processed net AI_instance/compute_index_reg_rep[1]__100_n_0. Replicated 1 times.
INFO: [Physopt 32-735] Processed net AI_instance/compute_index_reg_rep[1]__100_n_0. Optimization improves timing on the net.
INFO: [Physopt 32-619] Estimated Timing Summary | WNS=-2.274 | TNS=-37.101 |
INFO: [Physopt 32-601] Processed net AI_instance/compute_index_reg_rep[1]__101_n_0. Net driver AI_instance/compute_index_reg_rep[1]__101 was replaced.
INFO: [Physopt 32-735] Processed net AI_instance/compute_index_reg_rep[1]__101_n_0. Optimization improves timing on the net.
INFO: [Physopt 32-619] Estimated Timing Summary | WNS=-2.274 | TNS=-37.101 |
INFO: [Physopt 32-81] Processed net AI_instance/compute_index_reg_rep[1]__102_n_0. Replicated 1 times.
INFO: [Physopt 32-735] Processed net AI_instance/compute_index_reg_rep[1]__102_n_0. Optimization improves timing on the net.
INFO: [Physopt 32-619] Estimated Timing Summary | WNS=-2.270 | TNS=-36.982 |
INFO: [Physopt 32-663] Processed net AI_instance/compute_index_reg_rep[6]__99_n_0.  Re-placed instance AI_instance/compute_index_reg_rep[6]__99
INFO: [Physopt 32-735] Processed net AI_instance/compute_index_reg_rep[6]__99_n_0. Optimization improves timing on the net.
INFO: [Physopt 32-619] Estimated Timing Summary | WNS=-2.268 | TNS=-36.966 |
INFO: [Physopt 32-601] Processed net AI_instance/compute_index_reg_rep[0]__6_n_0. Net driver AI_instance/compute_index_reg_rep[0]__6 was replaced.
INFO: [Physopt 32-735] Processed net AI_instance/compute_index_reg_rep[0]__6_n_0. Optimization improves timing on the net.
INFO: [Physopt 32-619] Estimated Timing Summary | WNS=-2.263 | TNS=-36.934 |
INFO: [Physopt 32-81] Processed net AI_instance/compute_index_reg_rep[1]__78_n_0. Replicated 1 times.
INFO: [Physopt 32-735] Processed net AI_instance/compute_index_reg_rep[1]__78_n_0. Optimization improves timing on the net.
INFO: [Physopt 32-619] Estimated Timing Summary | WNS=-2.258 | TNS=-36.904 |
INFO: [Physopt 32-702] Processed net AI_instance/compute_index_reg_rep[0]__25_n_0. Optimizations did not improve timing on the net.
INFO: [Physopt 32-702] Processed net AI_instance/accumulator_reg[15]_i_71_n_7. Optimizations did not improve timing on the net.
INFO: [Physopt 32-702] Processed net AI_instance/accumulator_reg[15]_i_73_n_0. Optimizations did not improve timing on the net.
INFO: [Physopt 32-702] Processed net AI_instance/accumulator[15]_i_153_n_0. Optimizations did not improve timing on the net.
INFO: [Physopt 32-702] Processed net AI_instance/accumulator[0]_i_62_n_0. Optimizations did not improve timing on the net.
INFO: [Physopt 32-702] Processed net AI_instance/accumulator[0]_i_117_n_0. Optimizations did not improve timing on the net.
INFO: [Physopt 32-702] Processed net AI_instance/accumulator[0]_i_271_n_0. Optimizations did not improve timing on the net.
INFO: [Physopt 32-608] Optimized 1 net.  Swapped 24 pins.
INFO: [Physopt 32-735] Processed net AI_instance/accumulator[0]_i_542_n_0. Optimization improves timing on the net.
INFO: [Physopt 32-619] Estimated Timing Summary | WNS=-2.254 | TNS=-36.722 |
INFO: [Physopt 32-81] Processed net AI_instance/compute_index_reg_rep[0]__100_n_0. Replicated 1 times.
INFO: [Physopt 32-735] Processed net AI_instance/compute_index_reg_rep[0]__100_n_0. Optimization improves timing on the net.
INFO: [Physopt 32-619] Estimated Timing Summary | WNS=-2.253 | TNS=-36.716 |
INFO: [Physopt 32-601] Processed net AI_instance/compute_index_reg_rep[0]__91_n_0. Net driver AI_instance/compute_index_reg_rep[0]__91 was replaced.
INFO: [Physopt 32-735] Processed net AI_instance/compute_index_reg_rep[0]__91_n_0. Optimization improves timing on the net.
INFO: [Physopt 32-619] Estimated Timing Summary | WNS=-2.252 | TNS=-36.650 |
INFO: [Physopt 32-81] Processed net AI_instance/compute_index_reg_rep[0]__6_n_0. Replicated 2 times.
INFO: [Physopt 32-735] Processed net AI_instance/compute_index_reg_rep[0]__6_n_0. Optimization improves timing on the net.
INFO: [Physopt 32-619] Estimated Timing Summary | WNS=-2.251 | TNS=-36.644 |
INFO: [Physopt 32-702] Processed net AI_instance/compute_index_reg_rep[0]__78_n_0. Optimizations did not improve timing on the net.
INFO: [Physopt 32-608] Optimized 1 net.  Swapped 25 pins.
INFO: [Physopt 32-735] Processed net AI_instance/accumulator[15]_i_136_n_0. Optimization improves timing on the net.
INFO: [Physopt 32-619] Estimated Timing Summary | WNS=-2.250 | TNS=-36.638 |
INFO: [Physopt 32-81] Processed net AI_instance/compute_index_reg_rep[1]__77_n_0. Replicated 1 times.
INFO: [Physopt 32-735] Processed net AI_instance/compute_index_reg_rep[1]__77_n_0. Optimization improves timing on the net.
INFO: [Physopt 32-619] Estimated Timing Summary | WNS=-2.249 | TNS=-36.632 |
INFO: [Physopt 32-663] Processed net AI_instance/compute_index_reg_rep[0]__92_n_0.  Re-placed instance AI_instance/compute_index_reg_rep[0]__92
INFO: [Physopt 32-735] Processed net AI_instance/compute_index_reg_rep[0]__92_n_0. Optimization improves timing on the net.
INFO: [Physopt 32-619] Estimated Timing Summary | WNS=-2.245 | TNS=-36.560 |
INFO: [Physopt 32-601] Processed net AI_instance/compute_index_reg_rep[0]__122_n_0. Net driver AI_instance/compute_index_reg_rep[0]__122 was replaced.
INFO: [Physopt 32-735] Processed net AI_instance/compute_index_reg_rep[0]__122_n_0. Optimization improves timing on the net.
INFO: [Physopt 32-619] Estimated Timing Summary | WNS=-2.244 | TNS=-36.554 |
INFO: [Physopt 32-663] Processed net AI_instance/compute_index_reg_rep[1]__102_n_0.  Re-placed instance AI_instance/compute_index_reg_rep[1]__102
INFO: [Physopt 32-735] Processed net AI_instance/compute_index_reg_rep[1]__102_n_0. Optimization improves timing on the net.
INFO: [Physopt 32-619] Estimated Timing Summary | WNS=-2.243 | TNS=-36.476 |
INFO: [Physopt 32-702] Processed net AI_instance/accumulator_reg_n_0_[22]. Optimizations did not improve timing on the net.
INFO: [Physopt 32-663] Processed net AI_instance/compute_index_reg[3]_rep_n_0.  Re-placed instance AI_instance/compute_index_reg[3]_rep
INFO: [Physopt 32-735] Processed net AI_instance/compute_index_reg[3]_rep_n_0. Optimization improves timing on the net.
INFO: [Physopt 32-619] Estimated Timing Summary | WNS=-2.241 | TNS=-36.410 |
INFO: [Physopt 32-702] Processed net AI_instance/accumulator_reg_n_0_[21]. Optimizations did not improve timing on the net.
INFO: [Physopt 32-663] Processed net AI_instance/compute_index_reg_rep[3]__122_n_0.  Re-placed instance AI_instance/compute_index_reg_rep[3]__122
INFO: [Physopt 32-735] Processed net AI_instance/compute_index_reg_rep[3]__122_n_0. Optimization improves timing on the net.
INFO: [Physopt 32-619] Estimated Timing Summary | WNS=-2.240 | TNS=-36.402 |
INFO: [Physopt 32-663] Processed net AI_instance/compute_index_reg_rep[1]__112_n_0.  Re-placed instance AI_instance/compute_index_reg_rep[1]__112
INFO: [Physopt 32-735] Processed net AI_instance/compute_index_reg_rep[1]__112_n_0. Optimization improves timing on the net.
INFO: [Physopt 32-619] Estimated Timing Summary | WNS=-2.239 | TNS=-36.394 |
INFO: [Physopt 32-702] Processed net AI_instance/compute_index_reg_rep[0]__91_n_0. Optimizations did not improve timing on the net.
INFO: [Physopt 32-702] Processed net AI_instance/accumulator0[21]. Optimizations did not improve timing on the net.
INFO: [Physopt 32-702] Processed net AI_instance/accumulator[15]_i_12_n_0. Optimizations did not improve timing on the net.
INFO: [Physopt 32-702] Processed net AI_instance/accumulator1[13]. Optimizations did not improve timing on the net.
INFO: [Physopt 32-702] Processed net AI_instance/accumulator[15]_i_42_n_0. Optimizations did not improve timing on the net.
INFO: [Physopt 32-702] Processed net AI_instance/accumulator_reg[15]_i_71_n_7. Optimizations did not improve timing on the net.
INFO: [Physopt 32-702] Processed net AI_instance/accumulator[15]_i_153_n_0. Optimizations did not improve timing on the net.
INFO: [Physopt 32-702] Processed net AI_instance/accumulator[0]_i_62_n_0. Optimizations did not improve timing on the net.
INFO: [Physopt 32-608] Optimized 1 net.  Swapped 21 pins.
INFO: [Physopt 32-735] Processed net AI_instance/accumulator[0]_i_119_n_0. Optimization improves timing on the net.
INFO: [Physopt 32-619] Estimated Timing Summary | WNS=-2.239 | TNS=-36.093 |
INFO: [Physopt 32-702] Processed net AI_instance/compute_index_reg_rep[0]__78_n_0. Optimizations did not improve timing on the net.
INFO: [Physopt 32-702] Processed net AI_instance/accumulator_reg[15]_i_70_n_6. Optimizations did not improve timing on the net.
INFO: [Physopt 32-702] Processed net AI_instance/accumulator[0]_i_32_n_0. Optimizations did not improve timing on the net.
INFO: [Physopt 32-702] Processed net AI_instance/accumulator[0]_i_54_n_0. Optimizations did not improve timing on the net.
INFO: [Physopt 32-702] Processed net AI_instance/accumulator[0]_i_95_n_0. Optimizations did not improve timing on the net.
INFO: [Physopt 32-608] Optimized 1 net.  Swapped 24 pins.
INFO: [Physopt 32-735] Processed net AI_instance/accumulator[0]_i_214_n_0. Optimization improves timing on the net.
INFO: [Physopt 32-619] Estimated Timing Summary | WNS=-2.236 | TNS=-36.063 |
INFO: [Physopt 32-702] Processed net AI_instance/compute_index_reg_rep[0]__107_n_0. Optimizations did not improve timing on the net.
INFO: [Physopt 32-702] Processed net AI_instance/accumulator[0]_i_212_n_0. Optimizations did not improve timing on the net.
INFO: [Physopt 32-608] Optimized 1 net.  Swapped 24 pins.
INFO: [Physopt 32-735] Processed net AI_instance/accumulator[0]_i_359_n_0. Optimization improves timing on the net.
INFO: [Physopt 32-619] Estimated Timing Summary | WNS=-2.235 | TNS=-36.053 |
INFO: [Physopt 32-702] Processed net AI_instance/compute_index_reg_rep[1]__112_n_0. Optimizations did not improve timing on the net.
INFO: [Physopt 32-702] Processed net AI_instance/accumulator[0]_i_55_n_0. Optimizations did not improve timing on the net.
INFO: [Physopt 32-702] Processed net AI_instance/accumulator[0]_i_97_n_0. Optimizations did not improve timing on the net.
INFO: [Physopt 32-702] Processed net AI_instance/accumulator_reg[0]_i_217_n_0. Optimizations did not improve timing on the net.
INFO: [Physopt 32-608] Optimized 1 net.  Swapped 20 pins.
INFO: [Physopt 32-735] Processed net AI_instance/accumulator[0]_i_375_n_0. Optimization improves timing on the net.
INFO: [Physopt 32-619] Estimated Timing Summary | WNS=-2.225 | TNS=-35.968 |
INFO: [Physopt 32-663] Processed net AI_instance/compute_index_reg_rep[0]__13_n_0.  Re-placed instance AI_instance/compute_index_reg_rep[0]__13
INFO: [Physopt 32-735] Processed net AI_instance/compute_index_reg_rep[0]__13_n_0. Optimization improves timing on the net.
INFO: [Physopt 32-619] Estimated Timing Summary | WNS=-2.219 | TNS=-35.925 |
INFO: [Physopt 32-663] Processed net AI_instance/compute_index_reg_rep[1]__99_n_0.  Re-placed instance AI_instance/compute_index_reg_rep[1]__99
INFO: [Physopt 32-735] Processed net AI_instance/compute_index_reg_rep[1]__99_n_0. Optimization improves timing on the net.
INFO: [Physopt 32-619] Estimated Timing Summary | WNS=-2.219 | TNS=-35.925 |
INFO: [Physopt 32-663] Processed net AI_instance/compute_index_reg_rep[1]__58_n_0.  Re-placed instance AI_instance/compute_index_reg_rep[1]__58
INFO: [Physopt 32-735] Processed net AI_instance/compute_index_reg_rep[1]__58_n_0. Optimization improves timing on the net.
INFO: [Physopt 32-619] Estimated Timing Summary | WNS=-2.218 | TNS=-35.918 |
INFO: [Physopt 32-702] Processed net AI_instance/compute_index_reg_rep[0]__25_n_0. Optimizations did not improve timing on the net.
INFO: [Physopt 32-702] Processed net AI_instance/accumulator[0]_i_94_n_0. Optimizations did not improve timing on the net.
INFO: [Physopt 32-702] Processed net AI_instance/accumulator[0]_i_211_n_0. Optimizations did not improve timing on the net.
INFO: [Physopt 32-702] Processed net AI_instance/accumulator[0]_i_356_n_0. Optimizations did not improve timing on the net.
INFO: [Physopt 32-608] Optimized 1 net.  Swapped 15 pins.
INFO: [Physopt 32-735] Processed net AI_instance/accumulator[0]_i_606_n_0. Optimization improves timing on the net.
INFO: [Physopt 32-619] Estimated Timing Summary | WNS=-2.217 | TNS=-35.911 |
INFO: [Physopt 32-663] Processed net AI_instance/compute_index_reg_rep[0]__99_n_0.  Re-placed instance AI_instance/compute_index_reg_rep[0]__99
INFO: [Physopt 32-735] Processed net AI_instance/compute_index_reg_rep[0]__99_n_0. Optimization improves timing on the net.
INFO: [Physopt 32-619] Estimated Timing Summary | WNS=-2.214 | TNS=-35.892 |
INFO: [Physopt 32-702] Processed net AI_instance/compute_index_reg_rep[0]__41_n_0. Optimizations did not improve timing on the net.
INFO: [Physopt 32-608] Optimized 1 net.  Swapped 24 pins.
INFO: [Physopt 32-735] Processed net AI_instance/accumulator[0]_i_98_n_0. Optimization improves timing on the net.
INFO: [Physopt 32-619] Estimated Timing Summary | WNS=-2.214 | TNS=-35.892 |
INFO: [Physopt 32-663] Processed net AI_instance/compute_index_reg_rep[0]__111_n_0.  Re-placed instance AI_instance/compute_index_reg_rep[0]__111
INFO: [Physopt 32-735] Processed net AI_instance/compute_index_reg_rep[0]__111_n_0. Optimization improves timing on the net.
INFO: [Physopt 32-619] Estimated Timing Summary | WNS=-2.213 | TNS=-35.783 |
INFO: [Physopt 32-663] Processed net AI_instance/compute_index_reg_rep[0]__115_n_0.  Re-placed instance AI_instance/compute_index_reg_rep[0]__115
INFO: [Physopt 32-735] Processed net AI_instance/compute_index_reg_rep[0]__115_n_0. Optimization improves timing on the net.
INFO: [Physopt 32-619] Estimated Timing Summary | WNS=-2.213 | TNS=-35.783 |
INFO: [Physopt 32-663] Processed net AI_instance/compute_index_reg_rep[1]__111_n_0.  Re-placed instance AI_instance/compute_index_reg_rep[1]__111
INFO: [Physopt 32-735] Processed net AI_instance/compute_index_reg_rep[1]__111_n_0. Optimization improves timing on the net.
INFO: [Physopt 32-619] Estimated Timing Summary | WNS=-2.213 | TNS=-35.783 |
INFO: [Physopt 32-663] Processed net AI_instance/compute_index_reg_rep[1]__119_n_0.  Re-placed instance AI_instance/compute_index_reg_rep[1]__119
INFO: [Physopt 32-735] Processed net AI_instance/compute_index_reg_rep[1]__119_n_0. Optimization improves timing on the net.
INFO: [Physopt 32-619] Estimated Timing Summary | WNS=-2.212 | TNS=-35.776 |
INFO: [Physopt 32-619] Estimated Timing Summary | WNS=-2.212 | TNS=-35.776 |
Netlist sorting complete. Time (s): cpu = 00:00:00 ; elapsed = 00:00:00.019 . Memory (MB): peak = 2046.523 ; gain = 0.000
Phase 3 Critical Path Optimization | Checksum: a2d4cc61

Time (s): cpu = 00:00:05 ; elapsed = 00:00:03 . Memory (MB): peak = 2046.523 ; gain = 15.398

Phase 4 Critical Path Optimization
INFO: [Physopt 32-619] Estimated Timing Summary | WNS=-2.212 | TNS=-35.776 |
INFO: [Physopt 32-702] Processed net AI_instance/accumulator_reg_n_0_[21]. Optimizations did not improve timing on the net.
INFO: [Physopt 32-702] Processed net AI_instance/compute_index_reg_rep[1]__99_n_0. Optimizations did not improve timing on the net.
INFO: [Physopt 32-702] Processed net AI_instance/accumulator0[21]. Optimizations did not improve timing on the net.
INFO: [Physopt 32-702] Processed net AI_instance/accumulator_reg[16]_i_3_n_0. Optimizations did not improve timing on the net.
INFO: [Physopt 32-702] Processed net AI_instance/accumulator_reg[15]_i_3_n_0. Optimizations did not improve timing on the net.
INFO: [Physopt 32-702] Processed net AI_instance/accumulator[15]_i_12_n_0. Optimizations did not improve timing on the net.
INFO: [Physopt 32-702] Processed net AI_instance/accumulator1[13]. Optimizations did not improve timing on the net.
INFO: [Physopt 32-702] Processed net AI_instance/accumulator_reg[15]_i_21_n_0. Optimizations did not improve timing on the net.
INFO: [Physopt 32-702] Processed net AI_instance/accumulator[15]_i_42_n_0. Optimizations did not improve timing on the net.
INFO: [Physopt 32-702] Processed net AI_instance/accumulator_reg[15]_i_70_n_6. Optimizations did not improve timing on the net.
INFO: [Physopt 32-702] Processed net AI_instance/accumulator_reg[0]_i_14_n_0. Optimizations did not improve timing on the net.
INFO: [Physopt 32-702] Processed net AI_instance/accumulator[0]_i_32_n_0. Optimizations did not improve timing on the net.
INFO: [Physopt 32-702] Processed net AI_instance/accumulator[0]_i_55_n_0. Optimizations did not improve timing on the net.
INFO: [Physopt 32-702] Processed net AI_instance/accumulator[0]_i_97_n_0. Optimizations did not improve timing on the net.
INFO: [Physopt 32-702] Processed net AI_instance/accumulator[0]_i_216_n_0. Optimizations did not improve timing on the net.
INFO: [Physopt 32-702] Processed net AI_instance/accumulator[0]_i_373_n_0. Optimizations did not improve timing on the net.
INFO: [Physopt 32-702] Processed net AI_instance/accumulator_reg[0]_i_670_n_0. Optimizations did not improve timing on the net.
INFO: [Physopt 32-702] Processed net AI_instance/g1_b4__95_n_0. Optimizations did not improve timing on the net.
INFO: [Physopt 32-702] Processed net AI_instance/accumulator[21]_i_1_n_0. Optimizations did not improve timing on the net.
INFO: [Physopt 32-702] Processed net clk_IBUF. Optimizations did not improve timing on the net.
INFO: [Physopt 32-702] Processed net clk. Optimizations did not improve timing on the net.
INFO: [Physopt 32-702] Processed net AI_instance/accumulator_reg_n_0_[21]. Optimizations did not improve timing on the net.
INFO: [Physopt 32-702] Processed net AI_instance/compute_index_reg_rep[1]__99_n_0. Optimizations did not improve timing on the net.
INFO: [Physopt 32-702] Processed net AI_instance/accumulator0[21]. Optimizations did not improve timing on the net.
INFO: [Physopt 32-702] Processed net AI_instance/accumulator[15]_i_12_n_0. Optimizations did not improve timing on the net.
INFO: [Physopt 32-702] Processed net AI_instance/accumulator1[13]. Optimizations did not improve timing on the net.
INFO: [Physopt 32-702] Processed net AI_instance/accumulator[15]_i_42_n_0. Optimizations did not improve timing on the net.
INFO: [Physopt 32-702] Processed net AI_instance/accumulator_reg[15]_i_70_n_6. Optimizations did not improve timing on the net.
INFO: [Physopt 32-702] Processed net AI_instance/accumulator[0]_i_32_n_0. Optimizations did not improve timing on the net.
INFO: [Physopt 32-702] Processed net AI_instance/accumulator[0]_i_55_n_0. Optimizations did not improve timing on the net.
INFO: [Physopt 32-702] Processed net AI_instance/accumulator[0]_i_97_n_0. Optimizations did not improve timing on the net.
INFO: [Physopt 32-702] Processed net AI_instance/accumulator[0]_i_216_n_0. Optimizations did not improve timing on the net.
INFO: [Physopt 32-702] Processed net AI_instance/accumulator[0]_i_373_n_0. Optimizations did not improve timing on the net.
INFO: [Physopt 32-702] Processed net AI_instance/accumulator_reg[0]_i_670_n_0. Optimizations did not improve timing on the net.
INFO: [Physopt 32-702] Processed net AI_instance/g1_b4__95_n_0. Optimizations did not improve timing on the net.
INFO: [Physopt 32-702] Processed net AI_instance/accumulator[21]_i_1_n_0. Optimizations did not improve timing on the net.
INFO: [Physopt 32-702] Processed net clk_IBUF. Optimizations did not improve timing on the net.
INFO: [Physopt 32-702] Processed net clk. Optimizations did not improve timing on the net.
INFO: [Physopt 32-619] Estimated Timing Summary | WNS=-2.212 | TNS=-35.776 |
Netlist sorting complete. Time (s): cpu = 00:00:00 ; elapsed = 00:00:00.007 . Memory (MB): peak = 2066.352 ; gain = 0.000
Phase 4 Critical Path Optimization | Checksum: a2d4cc61

Time (s): cpu = 00:00:07 ; elapsed = 00:00:04 . Memory (MB): peak = 2066.352 ; gain = 35.227
Netlist sorting complete. Time (s): cpu = 00:00:00 ; elapsed = 00:00:00 . Memory (MB): peak = 2066.352 ; gain = 0.000
INFO: [Physopt 32-603] Post Physical Optimization Timing Summary | WNS=-2.212 | TNS=-35.776 |

Summary of Physical Synthesis Optimizations
============================================


-------------------------------------------------------------------------------------------------------------------------------------------------------------
|  Optimization   |  WNS Gain (ns)  |  TNS Gain (ns)  |  Added Cells  |  Removed Cells  |  Optimized Cells/Nets  |  Dont Touch  |  Iterations  |  Elapsed   |
-------------------------------------------------------------------------------------------------------------------------------------------------------------
|  DSP Register   |          0.000  |          0.000  |            0  |              0  |                     0  |           0  |           1  |  00:00:00  |
|  Critical Path  |          0.094  |          1.609  |           10  |              0  |                    39  |           0  |           2  |  00:00:04  |
|  Total          |          0.094  |          1.609  |           10  |              0  |                    39  |           0  |           3  |  00:00:04  |
-------------------------------------------------------------------------------------------------------------------------------------------------------------


Netlist sorting complete. Time (s): cpu = 00:00:00 ; elapsed = 00:00:00 . Memory (MB): peak = 2066.352 ; gain = 0.000
Ending Physical Synthesis Task | Checksum: 11df443da

Time (s): cpu = 00:00:07 ; elapsed = 00:00:04 . Memory (MB): peak = 2066.352 ; gain = 35.227
INFO: [Common 17-83] Releasing license: Implementation
292 Infos, 1 Warnings, 0 Critical Warnings and 0 Errors encountered.
phys_opt_design completed successfully
INFO: [Timing 38-480] Writing timing data to binary archive.
Write ShapeDB Complete: Time (s): cpu = 00:00:00 ; elapsed = 00:00:00.007 . Memory (MB): peak = 2081.742 ; gain = 3.926
Wrote PlaceDB: Time (s): cpu = 00:00:00 ; elapsed = 00:00:00.152 . Memory (MB): peak = 2081.742 ; gain = 0.000
Wrote PulsedLatchDB: Time (s): cpu = 00:00:00 ; elapsed = 00:00:00 . Memory (MB): peak = 2081.742 ; gain = 0.000
Writing XDEF routing.
Writing XDEF routing logical nets.
Writing XDEF routing special nets.
Wrote RouteStorage: Time (s): cpu = 00:00:00 ; elapsed = 00:00:00.012 . Memory (MB): peak = 2081.742 ; gain = 0.000
Wrote Netlist Cache: Time (s): cpu = 00:00:00 ; elapsed = 00:00:00.006 . Memory (MB): peak = 2081.742 ; gain = 0.000
Wrote Device Cache: Time (s): cpu = 00:00:00 ; elapsed = 00:00:00.003 . Memory (MB): peak = 2081.742 ; gain = 0.000
Write Physdb Complete: Time (s): cpu = 00:00:00 ; elapsed = 00:00:00.177 . Memory (MB): peak = 2081.742 ; gain = 3.926
INFO: [Common 17-1381] The checkpoint 'C:/Users/bardi/Desktop/AI_VHDL/VHDL_CODE/VHDL_CODE.runs/impl_1/vga_physopt.dcp' has been generated.
Command: route_design
Attempting to get a license for feature 'Implementation' and/or device 'xc7a35t'
INFO: [Common 17-349] Got license for feature 'Implementation' and/or device 'xc7a35t'
INFO: [DRC 23-27] Running DRC with 2 threads
INFO: [Vivado_Tcl 4-198] DRC finished with 0 Errors
INFO: [Vivado_Tcl 4-199] Please refer to the DRC report (report_drc) for more information.
Running DRC as a precondition to command route_design
INFO: [DRC 23-27] Running DRC with 2 threads
INFO: [Vivado_Tcl 4-198] DRC finished with 0 Errors
INFO: [Vivado_Tcl 4-199] Please refer to the DRC report (report_drc) for more information.


Starting Routing Task
INFO: [Route 35-254] Multithreading enabled for route_design using a maximum of 8 CPUs

Phase 1 Build RT Design
Checksum: PlaceDB: 43c2267f ConstDB: 0 ShapeSum: bfc6d054 RouteDB: 0
Post Restoration Checksum: NetGraph: fd819b35 | NumContArr: 48c8ace6 | Constraints: c2a8fa9d | Timing: c2a8fa9d
Phase 1 Build RT Design | Checksum: 2cb9c3d55

Time (s): cpu = 00:00:10 ; elapsed = 00:00:08 . Memory (MB): peak = 2205.738 ; gain = 111.867

Phase 2 Router Initialization

Phase 2.1 Fix Topology Constraints
Phase 2.1 Fix Topology Constraints | Checksum: 2cb9c3d55

Time (s): cpu = 00:00:10 ; elapsed = 00:00:08 . Memory (MB): peak = 2205.738 ; gain = 111.867

Phase 2.2 Pre Route Cleanup
Phase 2.2 Pre Route Cleanup | Checksum: 2cb9c3d55

Time (s): cpu = 00:00:10 ; elapsed = 00:00:08 . Memory (MB): peak = 2205.738 ; gain = 111.867
 Number of Nodes with overlaps = 0

Phase 2.3 Update Timing
Phase 2.3 Update Timing | Checksum: 282d55749

Time (s): cpu = 00:00:11 ; elapsed = 00:00:09 . Memory (MB): peak = 2217.105 ; gain = 123.234
INFO: [Route 35-416] Intermediate Timing Summary | WNS=-2.160 | TNS=-34.814| WHS=-0.095 | THS=-6.869 |


Router Utilization Summary
  Global Vertical Routing Utilization    = 7.97257e-05 %
  Global Horizontal Routing Utilization  = 0.000260281 %
  Routable Net Status*
  *Does not include unroutable nets such as driverless and loadless.
  Run report_route_status for detailed report.
  Number of Failed Nets               = 4567
    (Failed Nets is the sum of unrouted and partially routed nets)
  Number of Unrouted Nets             = 4566
  Number of Partially Routed Nets     = 1
  Number of Node Overlaps             = 0

Phase 2 Router Initialization | Checksum: 2c6381c15

Time (s): cpu = 00:00:11 ; elapsed = 00:00:09 . Memory (MB): peak = 2217.105 ; gain = 123.234

Phase 3 Initial Routing

Phase 3.1 Global Routing
Phase 3.1 Global Routing | Checksum: 2c6381c15

Time (s): cpu = 00:00:11 ; elapsed = 00:00:09 . Memory (MB): peak = 2217.105 ; gain = 123.234

Phase 3.2 Initial Net Routing
Phase 3.2 Initial Net Routing | Checksum: 264452051

Time (s): cpu = 00:00:12 ; elapsed = 00:00:09 . Memory (MB): peak = 2217.105 ; gain = 123.234
Phase 3 Initial Routing | Checksum: 264452051

Time (s): cpu = 00:00:12 ; elapsed = 00:00:09 . Memory (MB): peak = 2217.105 ; gain = 123.234

Phase 4 Rip-up And Reroute

Phase 4.1 Global Iteration 0
 Number of Nodes with overlaps = 5332
 Number of Nodes with overlaps = 2890
 Number of Nodes with overlaps = 1691
 Number of Nodes with overlaps = 939
 Number of Nodes with overlaps = 442
 Number of Nodes with overlaps = 111
 Number of Nodes with overlaps = 33
 Number of Nodes with overlaps = 5
 Number of Nodes with overlaps = 3
 Number of Nodes with overlaps = 0
INFO: [Route 35-416] Intermediate Timing Summary | WNS=-2.960 | TNS=-50.176| WHS=N/A    | THS=N/A    |

Phase 4.1 Global Iteration 0 | Checksum: 112f5d71a

Time (s): cpu = 00:00:30 ; elapsed = 00:00:22 . Memory (MB): peak = 2217.105 ; gain = 123.234

Phase 4.2 Global Iteration 1
 Number of Nodes with overlaps = 1010
 Number of Nodes with overlaps = 805
 Number of Nodes with overlaps = 535
 Number of Nodes with overlaps = 435
 Number of Nodes with overlaps = 197
 Number of Nodes with overlaps = 93
 Number of Nodes with overlaps = 52
 Number of Nodes with overlaps = 33
 Number of Nodes with overlaps = 14
 Number of Nodes with overlaps = 6
 Number of Nodes with overlaps = 3
 Number of Nodes with overlaps = 1
 Number of Nodes with overlaps = 1
 Number of Nodes with overlaps = 0
INFO: [Route 35-416] Intermediate Timing Summary | WNS=-2.983 | TNS=-53.485| WHS=N/A    | THS=N/A    |

Phase 4.2 Global Iteration 1 | Checksum: 2978125e7

Time (s): cpu = 00:00:43 ; elapsed = 00:00:27 . Memory (MB): peak = 2217.105 ; gain = 123.234
Phase 4 Rip-up And Reroute | Checksum: 2978125e7

Time (s): cpu = 00:00:43 ; elapsed = 00:00:27 . Memory (MB): peak = 2217.105 ; gain = 123.234

Phase 5 Delay and Skew Optimization

Phase 5.1 Delay CleanUp

Phase 5.1.1 Update Timing
Phase 5.1.1 Update Timing | Checksum: 235c8d87f

Time (s): cpu = 00:00:43 ; elapsed = 00:00:27 . Memory (MB): peak = 2217.105 ; gain = 123.234
INFO: [Route 35-416] Intermediate Timing Summary | WNS=-2.904 | TNS=-48.708| WHS=N/A    | THS=N/A    |

 Number of Nodes with overlaps = 0
Phase 5.1 Delay CleanUp | Checksum: 230b96bdc

Time (s): cpu = 00:00:43 ; elapsed = 00:00:27 . Memory (MB): peak = 2217.105 ; gain = 123.234

Phase 5.2 Clock Skew Optimization
Phase 5.2 Clock Skew Optimization | Checksum: 230b96bdc

Time (s): cpu = 00:00:43 ; elapsed = 00:00:27 . Memory (MB): peak = 2217.105 ; gain = 123.234
Phase 5 Delay and Skew Optimization | Checksum: 230b96bdc

Time (s): cpu = 00:00:43 ; elapsed = 00:00:27 . Memory (MB): peak = 2217.105 ; gain = 123.234

Phase 6 Post Hold Fix

Phase 6.1 Hold Fix Iter

Phase 6.1.1 Update Timing
Phase 6.1.1 Update Timing | Checksum: 20a5551e0

Time (s): cpu = 00:00:44 ; elapsed = 00:00:27 . Memory (MB): peak = 2217.105 ; gain = 123.234
INFO: [Route 35-416] Intermediate Timing Summary | WNS=-2.865 | TNS=-48.274| WHS=0.158  | THS=0.000  |

Phase 6.1 Hold Fix Iter | Checksum: 20a5551e0

Time (s): cpu = 00:00:44 ; elapsed = 00:00:27 . Memory (MB): peak = 2217.105 ; gain = 123.234
Phase 6 Post Hold Fix | Checksum: 20a5551e0

Time (s): cpu = 00:00:44 ; elapsed = 00:00:27 . Memory (MB): peak = 2217.105 ; gain = 123.234

Phase 7 Route finalize

Router Utilization Summary
  Global Vertical Routing Utilization    = 2.39201 %
  Global Horizontal Routing Utilization  = 2.9659 %
  Routable Net Status*
  *Does not include unroutable nets such as driverless and loadless.
  Run report_route_status for detailed report.
  Number of Failed Nets               = 0
    (Failed Nets is the sum of unrouted and partially routed nets)
  Number of Unrouted Nets             = 0
  Number of Partially Routed Nets     = 0
  Number of Node Overlaps             = 0


--GLOBAL Congestion:
Utilization threshold used for congestion level computation: 0.85
Congestion Report
North Dir 1x1 Area, Max Cong = 63.0631%, No Congested Regions.
South Dir 1x1 Area, Max Cong = 63.0631%, No Congested Regions.
East Dir 1x1 Area, Max Cong = 60.2941%, No Congested Regions.
West Dir 1x1 Area, Max Cong = 73.5294%, No Congested Regions.

------------------------------
Reporting congestion hotspots
------------------------------
Direction: North
----------------
Congested clusters found at Level 0
Effective congestion level: 0 Aspect Ratio: 1 Sparse Ratio: 0
Direction: South
----------------
Congested clusters found at Level 0
Effective congestion level: 0 Aspect Ratio: 1 Sparse Ratio: 0
Direction: East
----------------
Congested clusters found at Level 0
Effective congestion level: 0 Aspect Ratio: 1 Sparse Ratio: 0
Direction: West
----------------
Congested clusters found at Level 0
Effective congestion level: 0 Aspect Ratio: 1 Sparse Ratio: 0

Phase 7 Route finalize | Checksum: 20a5551e0

Time (s): cpu = 00:00:44 ; elapsed = 00:00:27 . Memory (MB): peak = 2217.105 ; gain = 123.234

Phase 8 Verifying routed nets

 Verification completed successfully
Phase 8 Verifying routed nets | Checksum: 20a5551e0

Time (s): cpu = 00:00:44 ; elapsed = 00:00:27 . Memory (MB): peak = 2217.105 ; gain = 123.234

Phase 9 Depositing Routes
Phase 9 Depositing Routes | Checksum: 267a5df75

Time (s): cpu = 00:00:44 ; elapsed = 00:00:27 . Memory (MB): peak = 2217.105 ; gain = 123.234

Phase 10 Post Router Timing
INFO: [Route 35-57] Estimated Timing Summary | WNS=-2.865 | TNS=-48.274| WHS=0.158  | THS=0.000  |

WARNING: [Route 35-328] Router estimated timing not met.
Resolution: For a complete and accurate timing signoff, report_timing_summary must be run after route_design. Alternatively, route_design can be run with the -timing_summary option to enable a complete timing signoff at the end of route_design.
Phase 10 Post Router Timing | Checksum: 267a5df75

Time (s): cpu = 00:00:44 ; elapsed = 00:00:27 . Memory (MB): peak = 2217.105 ; gain = 123.234
INFO: [Route 35-16] Router Completed Successfully

Phase 11 Post-Route Event Processing
Phase 11 Post-Route Event Processing | Checksum: f073f893

Time (s): cpu = 00:00:44 ; elapsed = 00:00:27 . Memory (MB): peak = 2217.105 ; gain = 123.234
Ending Routing Task | Checksum: f073f893

Time (s): cpu = 00:00:44 ; elapsed = 00:00:27 . Memory (MB): peak = 2217.105 ; gain = 123.234

Routing Is Done.
INFO: [Common 17-83] Releasing license: Implementation
310 Infos, 2 Warnings, 0 Critical Warnings and 0 Errors encountered.
route_design completed successfully
route_design: Time (s): cpu = 00:00:44 ; elapsed = 00:00:28 . Memory (MB): peak = 2217.105 ; gain = 135.363
INFO: [runtcl-4] Executing : report_drc -file vga_drc_routed.rpt -pb vga_drc_routed.pb -rpx vga_drc_routed.rpx
Command: report_drc -file vga_drc_routed.rpt -pb vga_drc_routed.pb -rpx vga_drc_routed.rpx
INFO: [IP_Flow 19-1839] IP Catalog is up to date.
INFO: [DRC 23-27] Running DRC with 2 threads
INFO: [Vivado_Tcl 2-168] The results of DRC are in file C:/Users/bardi/Desktop/AI_VHDL/VHDL_CODE/VHDL_CODE.runs/impl_1/vga_drc_routed.rpt.
report_drc completed successfully
INFO: [runtcl-4] Executing : report_methodology -file vga_methodology_drc_routed.rpt -pb vga_methodology_drc_routed.pb -rpx vga_methodology_drc_routed.rpx
Command: report_methodology -file vga_methodology_drc_routed.rpt -pb vga_methodology_drc_routed.pb -rpx vga_methodology_drc_routed.rpx
INFO: [Timing 38-35] Done setting XDC timing constraints.
INFO: [DRC 23-133] Running Methodology with 2 threads
INFO: [Vivado_Tcl 2-1520] The results of Report Methodology are in file C:/Users/bardi/Desktop/AI_VHDL/VHDL_CODE/VHDL_CODE.runs/impl_1/vga_methodology_drc_routed.rpt.
report_methodology completed successfully
INFO: [runtcl-4] Executing : report_power -file vga_power_routed.rpt -pb vga_power_summary_routed.pb -rpx vga_power_routed.rpx
Command: report_power -file vga_power_routed.rpt -pb vga_power_summary_routed.pb -rpx vga_power_routed.rpx
INFO: [Timing 38-35] Done setting XDC timing constraints.
Running Vector-less Activity Propagation...

Finished Running Vector-less Activity Propagation
320 Infos, 2 Warnings, 0 Critical Warnings and 0 Errors encountered.
report_power completed successfully
INFO: [runtcl-4] Executing : report_route_status -file vga_route_status.rpt -pb vga_route_status.pb
INFO: [runtcl-4] Executing : report_timing_summary -max_paths 10 -report_unconstrained -file vga_timing_summary_routed.rpt -pb vga_timing_summary_routed.pb -rpx vga_timing_summary_routed.rpx -warn_on_violation 
INFO: [Timing 38-91] UpdateTimingParams: Speed grade: -1, Delay Type: min_max.
INFO: [Timing 38-191] Multithreading enabled for timing update using a maximum of 2 CPUs
CRITICAL WARNING: [Timing 38-282] The design failed to meet the timing requirements. Please see the timing summary report for details on the timing violations.
INFO: [runtcl-4] Executing : report_incremental_reuse -file vga_incremental_reuse_routed.rpt
INFO: [Vivado_Tcl 4-1062] Incremental flow is disabled. No incremental reuse Info to report.
INFO: [runtcl-4] Executing : report_clock_utilization -file vga_clock_utilization_routed.rpt
INFO: [runtcl-4] Executing : report_bus_skew -warn_on_violation -file vga_bus_skew_routed.rpt -pb vga_bus_skew_routed.pb -rpx vga_bus_skew_routed.rpx
INFO: [Timing 38-91] UpdateTimingParams: Speed grade: -1, Delay Type: min_max.
INFO: [Timing 38-191] Multithreading enabled for timing update using a maximum of 2 CPUs
INFO: [Timing 38-480] Writing timing data to binary archive.
Write ShapeDB Complete: Time (s): cpu = 00:00:00 ; elapsed = 00:00:00.007 . Memory (MB): peak = 2252.996 ; gain = 6.906
Wrote PlaceDB: Time (s): cpu = 00:00:00 ; elapsed = 00:00:00.151 . Memory (MB): peak = 2253.246 ; gain = 0.250
Wrote PulsedLatchDB: Time (s): cpu = 00:00:00 ; elapsed = 00:00:00 . Memory (MB): peak = 2253.246 ; gain = 0.000
Writing XDEF routing.
Writing XDEF routing logical nets.
Writing XDEF routing special nets.
Wrote RouteStorage: Time (s): cpu = 00:00:00 ; elapsed = 00:00:00.039 . Memory (MB): peak = 2253.246 ; gain = 0.000
Wrote Netlist Cache: Time (s): cpu = 00:00:00 ; elapsed = 00:00:00.006 . Memory (MB): peak = 2253.246 ; gain = 0.000
Wrote Device Cache: Time (s): cpu = 00:00:00 ; elapsed = 00:00:00.003 . Memory (MB): peak = 2253.246 ; gain = 0.000
Write Physdb Complete: Time (s): cpu = 00:00:00 ; elapsed = 00:00:00.202 . Memory (MB): peak = 2253.246 ; gain = 7.156
INFO: [Common 17-1381] The checkpoint 'C:/Users/bardi/Desktop/AI_VHDL/VHDL_CODE/VHDL_CODE.runs/impl_1/vga_routed.dcp' has been generated.
INFO: [Common 17-206] Exiting Vivado at Wed Jul  9 13:21:09 2025...

*** Running vivado
    with args -log vga.vdi -applog -m64 -product Vivado -messageDb vivado.pb -mode batch -source vga.tcl -notrace


ECHO is off.
ECHO is off.

****** Vivado v2023.2 (64-bit)
  **** SW Build 4029153 on Fri Oct 13 20:14:34 MDT 2023
  **** IP Build 4028589 on Sat Oct 14 00:45:43 MDT 2023
  **** SharedData Build 4025554 on Tue Oct 10 17:18:54 MDT 2023
    ** Copyright 1986-2022 Xilinx, Inc. All Rights Reserved.
    ** Copyright 2022-2023 Advanced Micro Devices, Inc. All Rights Reserved.

source vga.tcl -notrace
Command: open_checkpoint vga_routed.dcp
INFO: [Device 21-403] Loading part xc7a35tcpg236-1
Netlist sorting complete. Time (s): cpu = 00:00:00 ; elapsed = 00:00:00.013 . Memory (MB): peak = 897.727 ; gain = 0.000
INFO: [Netlist 29-17] Analyzing 1303 Unisim elements for replacement
INFO: [Netlist 29-28] Unisim Transformation completed in 0 CPU seconds
WARNING: [Netlist 29-101] Netlist 'vga' is not ideal for floorplanning, since the cellview 'Ai_processing' contains a large number of primitives.  Please consider enabling hierarchy in synthesis if you want to do floorplanning.
INFO: [Project 1-479] Netlist was created with Vivado 2023.2
INFO: [Project 1-570] Preparing netlist for logic optimization
Read ShapeDB Complete: Time (s): cpu = 00:00:00 ; elapsed = 00:00:00.009 . Memory (MB): peak = 996.742 ; gain = 1.660
INFO: [Timing 38-478] Restoring timing data from binary archive.
INFO: [Timing 38-479] Binary timing data restore complete.
INFO: [Project 1-856] Restoring constraints from binary archive.
INFO: [Project 1-853] Binary constraint restore complete.
INFO: [Designutils 20-5722] Start Reading Physical Databases.
Reading placement.
Read Netlist Cache: Time (s): cpu = 00:00:00 ; elapsed = 00:00:00.006 . Memory (MB): peak = 1609.445 ; gain = 0.000
Reading placer database...
Read Device Cache: Time (s): cpu = 00:00:00 ; elapsed = 00:00:00.005 . Memory (MB): peak = 1609.445 ; gain = 0.000
Read PlaceDB: Time (s): cpu = 00:00:00 ; elapsed = 00:00:00.098 . Memory (MB): peak = 1609.445 ; gain = 0.000
Read PulsedLatchDB: Time (s): cpu = 00:00:00 ; elapsed = 00:00:00 . Memory (MB): peak = 1609.445 ; gain = 0.000
Reading routing.
Read RouteStorage: Time (s): cpu = 00:00:00 ; elapsed = 00:00:00.072 . Memory (MB): peak = 1609.445 ; gain = 0.000
Read Physdb Files: Time (s): cpu = 00:00:00 ; elapsed = 00:00:00.190 . Memory (MB): peak = 1609.445 ; gain = 0.000
Restored from archive | CPU: 0.000000 secs | Memory: 0.000000 MB |
Finished XDEF File Restore: Time (s): cpu = 00:00:00 ; elapsed = 00:00:00.219 . Memory (MB): peak = 1609.445 ; gain = 8.156
Netlist sorting complete. Time (s): cpu = 00:00:00 ; elapsed = 00:00:00.001 . Memory (MB): peak = 1609.445 ; gain = 0.000
INFO: [Project 1-111] Unisim Transformation Summary:
  A total of 9 instances were transformed.
  RAM64M => RAM64M (RAMD64E(x4)): 9 instances

The system cannot find the path specified.
INFO: [Project 1-604] Checkpoint was created with Vivado v2023.2 (64-bit) build 4029153
WARNING: [Vivado 12-23575] Critical violations of the methodology design rules detected. Critical violations may contribute to timing failures or cause functional issues in hardware. Run report_methodology for more information.
open_checkpoint: Time (s): cpu = 00:00:08 ; elapsed = 00:00:09 . Memory (MB): peak = 1609.445 ; gain = 1289.836
Command: write_bitstream -force vga.bit
Attempting to get a license for feature 'Implementation' and/or device 'xc7a35t'
INFO: [Common 17-349] Got license for feature 'Implementation' and/or device 'xc7a35t'
Running DRC as a precondition to command write_bitstream
INFO: [IP_Flow 19-234] Refreshing IP repositories
INFO: [IP_Flow 19-1704] No user IP repositories specified
INFO: [IP_Flow 19-2313] Loaded Vivado IP repository 'C:/Xilinx/Vivado/2023.2/data/ip'.
INFO: [DRC 23-27] Running DRC with 2 threads
INFO: [Vivado 12-3199] DRC finished with 0 Errors
INFO: [Vivado 12-3200] Please refer to the DRC report (report_drc) for more information.
INFO: [Designutils 20-2272] Running write_bitstream with 2 threads.
Loading data files...
Loading site data...
Loading route data...
Processing options...
Creating bitmap...
Creating bitstream...
Writing bitstream ./vga.bit...
INFO: [Vivado 12-1842] Bitgen Completed Successfully.
INFO: [Project 1-1876] WebTalk data collection is mandatory when using a ULT device. To see the specific WebTalk data collected for your design, open the usage_statistics_webtalk.html or usage_statistics_webtalk.xml file in the implementation directory.
INFO: [Common 17-83] Releasing license: Implementation
23 Infos, 2 Warnings, 0 Critical Warnings and 0 Errors encountered.
write_bitstream completed successfully
write_bitstream: Time (s): cpu = 00:00:07 ; elapsed = 00:00:06 . Memory (MB): peak = 2123.039 ; gain = 513.594
INFO: [Common 17-206] Exiting Vivado at Wed Jul  9 13:21:54 2025...
