#-----------------------------------------------------------
# Vivado v2023.2 (64-bit)
# SW Build 4029153 on Fri Oct 13 20:14:34 MDT 2023
# IP Build 4028589 on Sat Oct 14 00:45:43 MDT 2023
# SharedData Build 4025554 on Tue Oct 10 17:18:54 MDT 2023
# Start of session at: Sun Jul  6 09:32:24 2025
# Process ID: 16988
# Current directory: C:/Users/bardi/Desktop/AI_VHDL/VHDL_CODE
# Command line: vivado.exe -gui_launcher_event rodinguilauncherevent14392 C:\Users\bardi\Desktop\AI_VHDL\VHDL_CODE\VHDL_CODE.xpr
# Log file: C:/Users/bardi/Desktop/AI_VHDL/VHDL_CODE/vivado.log
# Journal file: C:/Users/bardi/Desktop/AI_VHDL/VHDL_CODE\vivado.jou
# Running On: DESKTOP-OBENCRP, OS: Windows, CPU Frequency: 4292 MHz, CPU Physical cores: 32, Host memory: 66094 MB
#-----------------------------------------------------------
start_gui
open_project C:/Users/bardi/Desktop/AI_VHDL/VHDL_CODE/VHDL_CODE.xpr
WARNING: [Board 49-26] cannot add Board Part xilinx.com:kc705:part0:1.6 available at C:/Xilinx/Vivado/2023.2/data/xhub/boards/XilinxBoardStore/boards/Xilinx/kc705/1.6/board.xml as part xc7k325tffg900-2 specified in board_part file is either invalid or not available
WARNING: [Board 49-26] cannot add Board Part xilinx.com:kcu105:part0:1.6 available at C:/Xilinx/Vivado/2023.2/data/xhub/boards/XilinxBoardStore/boards/Xilinx/kcu105/1.6/board.xml as part xcku040-ffva1156-2-e specified in board_part file is either invalid or not available
WARNING: [Board 49-26] cannot add Board Part xilinx.com:kcu105:part0:1.7 available at C:/Xilinx/Vivado/2023.2/data/xhub/boards/XilinxBoardStore/boards/Xilinx/kcu105/1.7/board.xml as part xcku040-ffva1156-2-e specified in board_part file is either invalid or not available
WARNING: [Board 49-26] cannot add Board Part xilinx.com:kcu1500:part0:1.2 available at C:/Xilinx/Vivado/2023.2/data/xhub/boards/XilinxBoardStore/boards/Xilinx/kcu1500/1.2/board.xml as part xcku115-flvb2104-2-e specified in board_part file is either invalid or not available
WARNING: [Board 49-26] cannot add Board Part xilinx.com:vc707:part0:1.4 available at C:/Xilinx/Vivado/2023.2/data/xhub/boards/XilinxBoardStore/boards/Xilinx/vc707/1.4/board.xml as part xc7vx485tffg1761-2 specified in board_part file is either invalid or not available
WARNING: [Board 49-26] cannot add Board Part xilinx.com:vc709:part0:1.8 available at C:/Xilinx/Vivado/2023.2/data/xhub/boards/XilinxBoardStore/boards/Xilinx/vc709/1.8/board.xml as part xc7vx690tffg1761-2 specified in board_part file is either invalid or not available
WARNING: [Board 49-26] cannot add Board Part xilinx.com:vck190:part0:2.2 available at C:/Xilinx/Vivado/2023.2/data/xhub/boards/XilinxBoardStore/boards/Xilinx/vck190/production/2.2/board.xml as part xcvc1902-vsva2197-2mp-e-s specified in board_part file is either invalid or not available
WARNING: [Board 49-26] cannot add Board Part xilinx.com:vck190:part0:3.0 available at C:/Xilinx/Vivado/2023.2/data/xhub/boards/XilinxBoardStore/boards/Xilinx/vck190/production/3.0/board.xml as part xcvc1902-vsva2197-2mp-e-s specified in board_part file is either invalid or not available
WARNING: [Board 49-26] cannot add Board Part xilinx.com:vck190:part0:3.1 available at C:/Xilinx/Vivado/2023.2/data/xhub/boards/XilinxBoardStore/boards/Xilinx/vck190/production/3.1/board.xml as part xcvc1902-vsva2197-2mp-e-s specified in board_part file is either invalid or not available
WARNING: [Board 49-26] cannot add Board Part xilinx.com:vck190:part0:3.2 available at C:/Xilinx/Vivado/2023.2/data/xhub/boards/XilinxBoardStore/boards/Xilinx/vck190/production/3.2/board.xml as part xcvc1902-vsva2197-2mp-e-s specified in board_part file is either invalid or not available
WARNING: [Board 49-26] cannot add Board Part xilinx.com:vck190_newl:part0:1.0 available at C:/Xilinx/Vivado/2023.2/data/xhub/boards/XilinxBoardStore/boards/Xilinx/vck190_newl/production/1.0/board.xml as part xcvc1902-vsva2197-2mp-e-s specified in board_part file is either invalid or not available
WARNING: [Board 49-26] cannot add Board Part xilinx.com:vck190_newl:part0:1.1 available at C:/Xilinx/Vivado/2023.2/data/xhub/boards/XilinxBoardStore/boards/Xilinx/vck190_newl/production/1.1/board.xml as part xcvc1902-vsva2197-2mp-e-s specified in board_part file is either invalid or not available
WARNING: [Board 49-26] cannot add Board Part xilinx.com:vcu108:part0:1.6 available at C:/Xilinx/Vivado/2023.2/data/xhub/boards/XilinxBoardStore/boards/Xilinx/vcu108/1.6/board.xml as part xcvu095-ffva2104-2-e specified in board_part file is either invalid or not available
WARNING: [Board 49-26] cannot add Board Part xilinx.com:vcu108:part0:1.7 available at C:/Xilinx/Vivado/2023.2/data/xhub/boards/XilinxBoardStore/boards/Xilinx/vcu108/1.7/board.xml as part xcvu095-ffva2104-2-e specified in board_part file is either invalid or not available
WARNING: [Board 49-26] cannot add Board Part xilinx.com:vcu110:part0:1.4 available at C:/Xilinx/Vivado/2023.2/data/xhub/boards/XilinxBoardStore/boards/Xilinx/vcu110/1.4/board.xml as part xcvu190-flgc2104-2-e specified in board_part file is either invalid or not available
WARNING: [Board 49-26] cannot add Board Part xilinx.com:vcu118:part0:2.0 available at C:/Xilinx/Vivado/2023.2/data/xhub/boards/XilinxBoardStore/boards/Xilinx/vcu118/2.0/board.xml as part xcvu9p-flga2104-2l-e specified in board_part file is either invalid or not available
WARNING: [Board 49-26] cannot add Board Part xilinx.com:vcu118:part0:2.3 available at C:/Xilinx/Vivado/2023.2/data/xhub/boards/XilinxBoardStore/boards/Xilinx/vcu118/2.3/board.xml as part xcvu9p-flga2104-2l-e specified in board_part file is either invalid or not available
WARNING: [Board 49-26] cannot add Board Part xilinx.com:vcu118:part0:2.4 available at C:/Xilinx/Vivado/2023.2/data/xhub/boards/XilinxBoardStore/boards/Xilinx/vcu118/2.4/board.xml as part xcvu9p-flga2104-2l-e specified in board_part file is either invalid or not available
WARNING: [Board 49-26] cannot add Board Part xilinx.com:vcu129:part0:1.0 available at C:/Xilinx/Vivado/2023.2/data/xhub/boards/XilinxBoardStore/boards/Xilinx/vcu129/production/1.0/board.xml as part xcvu29p-fsga2577-2l-e specified in board_part file is either invalid or not available
WARNING: [Board 49-26] cannot add Board Part xilinx.com:vcu1525:part0:1.3 available at C:/Xilinx/Vivado/2023.2/data/xhub/boards/XilinxBoardStore/boards/Xilinx/vcu1525/1.3/board.xml as part xcvu9p-fsgd2104-2l-e specified in board_part file is either invalid or not available
WARNING: [Board 49-26] cannot add Board Part xilinx.com:vek280:part0:1.0 available at C:/Xilinx/Vivado/2023.2/data/xhub/boards/XilinxBoardStore/boards/Xilinx/vek280/production/1.0/board.xml as part xcve2802-vsvh1760-2mp-e-s specified in board_part file is either invalid or not available
WARNING: [Board 49-26] cannot add Board Part xilinx.com:vek280_es:part0:1.0 available at C:/Xilinx/Vivado/2023.2/data/xhub/boards/XilinxBoardStore/boards/Xilinx/vek280/es/rev_a/1.0/board.xml as part xcve2802-vsvh1760-2lp-e-s-es1 specified in board_part file is either invalid or not available
WARNING: [Board 49-26] cannot add Board Part xilinx.com:vek280_es:part0:1.1 available at C:/Xilinx/Vivado/2023.2/data/xhub/boards/XilinxBoardStore/boards/Xilinx/vek280/es/rev_a/1.1/board.xml as part xcve2802-vsvh1760-2lp-e-s-es1 specified in board_part file is either invalid or not available
WARNING: [Board 49-26] cannot add Board Part xilinx.com:vek280_es_revb:part0:1.0 available at C:/Xilinx/Vivado/2023.2/data/xhub/boards/XilinxBoardStore/boards/Xilinx/vek280/es/rev_b/1.0/board.xml as part xcve2802-vsvh1760-2mp-e-s-es1 specified in board_part file is either invalid or not available
WARNING: [Board 49-26] cannot add Board Part xilinx.com:vek280_es_revb:part0:1.1 available at C:/Xilinx/Vivado/2023.2/data/xhub/boards/XilinxBoardStore/boards/Xilinx/vek280/es/rev_b/1.1/board.xml as part xcve2802-vsvh1760-2mp-e-s-es1 specified in board_part file is either invalid or not available
WARNING: [Board 49-26] cannot add Board Part xilinx.com:vermeo_t1_mpsoc:part0:1.0 available at C:/Xilinx/Vivado/2023.2/data/xhub/boards/XilinxBoardStore/boards/Xilinx/vermeo_t1_mpsoc/1.0/board.xml as part xczu19eg-ffvd1760-2l-e specified in board_part file is either invalid or not available
WARNING: [Board 49-26] cannot add Board Part xilinx.com:vermeo_t1_rfsoc:part0:1.0 available at C:/Xilinx/Vivado/2023.2/data/xhub/boards/XilinxBoardStore/boards/Xilinx/vermeo_t1_rfsoc/1.0/board.xml as part xczu21dr-ffvd1156-2l-e specified in board_part file is either invalid or not available
WARNING: [Board 49-26] cannot add Board Part xilinx.com:vhk158:part0:1.0 available at C:/Xilinx/Vivado/2023.2/data/xhub/boards/XilinxBoardStore/boards/Xilinx/vhk158/production/1.0/board.xml as part xcvh1582-vsva3697-2mp-e-s specified in board_part file is either invalid or not available
WARNING: [Board 49-26] cannot add Board Part xilinx.com:vhk158:part0:1.1 available at C:/Xilinx/Vivado/2023.2/data/xhub/boards/XilinxBoardStore/boards/Xilinx/vhk158/production/1.1/board.xml as part xcvh1582-vsva3697-2mp-e-s specified in board_part file is either invalid or not available
WARNING: [Board 49-26] cannot add Board Part xilinx.com:vhk158_es:part0:1.0 available at C:/Xilinx/Vivado/2023.2/data/xhub/boards/XilinxBoardStore/boards/Xilinx/vhk158/es/1.0/board.xml as part xcvh1582-vsva3697-2mp-e-s-es1 specified in board_part file is either invalid or not available
WARNING: [Board 49-26] cannot add Board Part xilinx.com:vhk158_es:part0:1.1 available at C:/Xilinx/Vivado/2023.2/data/xhub/boards/XilinxBoardStore/boards/Xilinx/vhk158/es/1.1/board.xml as part xcvh1582-vsva3697-2mp-e-s-es1 specified in board_part file is either invalid or not available
WARNING: [Board 49-26] cannot add Board Part xilinx.com:vmk180:part0:2.2 available at C:/Xilinx/Vivado/2023.2/data/xhub/boards/XilinxBoardStore/boards/Xilinx/vmk180/production/2.2/board.xml as part xcvm1802-vsva2197-2mp-e-s specified in board_part file is either invalid or not available
WARNING: [Board 49-26] cannot add Board Part xilinx.com:vmk180:part0:3.0 available at C:/Xilinx/Vivado/2023.2/data/xhub/boards/XilinxBoardStore/boards/Xilinx/vmk180/production/3.0/board.xml as part xcvm1802-vsva2197-2mp-e-s specified in board_part file is either invalid or not available
WARNING: [Board 49-26] cannot add Board Part xilinx.com:vmk180:part0:3.1 available at C:/Xilinx/Vivado/2023.2/data/xhub/boards/XilinxBoardStore/boards/Xilinx/vmk180/production/3.1/board.xml as part xcvm1802-vsva2197-2mp-e-s specified in board_part file is either invalid or not available
WARNING: [Board 49-26] cannot add Board Part xilinx.com:vmk180:part0:3.2 available at C:/Xilinx/Vivado/2023.2/data/xhub/boards/XilinxBoardStore/boards/Xilinx/vmk180/production/3.2/board.xml as part xcvm1802-vsva2197-2mp-e-s specified in board_part file is either invalid or not available
WARNING: [Board 49-26] cannot add Board Part xilinx.com:vmk180_newl:part0:1.0 available at C:/Xilinx/Vivado/2023.2/data/xhub/boards/XilinxBoardStore/boards/Xilinx/vmk180_newl/production/1.0/board.xml as part xcvm1802-vsva2197-2mp-e-s specified in board_part file is either invalid or not available
WARNING: [Board 49-26] cannot add Board Part xilinx.com:vmk180_newl:part0:1.1 available at C:/Xilinx/Vivado/2023.2/data/xhub/boards/XilinxBoardStore/boards/Xilinx/vmk180_newl/production/1.1/board.xml as part xcvm1802-vsva2197-2mp-e-s specified in board_part file is either invalid or not available
WARNING: [Board 49-26] cannot add Board Part xilinx.com:vpk120:part0:1.0 available at C:/Xilinx/Vivado/2023.2/data/xhub/boards/XilinxBoardStore/boards/Xilinx/vpk120/production/1.0/board.xml as part xcvp1202-vsva2785-2mp-e-s specified in board_part file is either invalid or not available
WARNING: [Board 49-26] cannot add Board Part xilinx.com:vpk120:part0:1.1 available at C:/Xilinx/Vivado/2023.2/data/xhub/boards/XilinxBoardStore/boards/Xilinx/vpk120/production/1.1/board.xml as part xcvp1202-vsva2785-2mp-e-s specified in board_part file is either invalid or not available
WARNING: [Board 49-26] cannot add Board Part xilinx.com:vpk120:part0:1.2 available at C:/Xilinx/Vivado/2023.2/data/xhub/boards/XilinxBoardStore/boards/Xilinx/vpk120/production/1.2/board.xml as part xcvp1202-vsva2785-2mp-e-s specified in board_part file is either invalid or not available
WARNING: [Board 49-26] cannot add Board Part xilinx.com:vpk180:part0:1.0 available at C:/Xilinx/Vivado/2023.2/data/xhub/boards/XilinxBoardStore/boards/Xilinx/vpk180/production/1.0/board.xml as part xcvp1802-lsvc4072-2mp-e-s specified in board_part file is either invalid or not available
WARNING: [Board 49-26] cannot add Board Part xilinx.com:vpk180:part0:1.1 available at C:/Xilinx/Vivado/2023.2/data/xhub/boards/XilinxBoardStore/boards/Xilinx/vpk180/production/1.1/board.xml as part xcvp1802-lsvc4072-2mp-e-s specified in board_part file is either invalid or not available
WARNING: [Board 49-26] cannot add Board Part xilinx.com:zc706:part0:1.4 available at C:/Xilinx/Vivado/2023.2/data/xhub/boards/XilinxBoardStore/boards/Xilinx/zc706/1.4/board.xml as part xc7z045ffg900-2 specified in board_part file is either invalid or not available
WARNING: [Board 49-26] cannot add Board Part xilinx.com:zcu102:part0:3.3 available at C:/Xilinx/Vivado/2023.2/data/xhub/boards/XilinxBoardStore/boards/Xilinx/zcu102/3.3/board.xml as part xczu9eg-ffvb1156-2-e specified in board_part file is either invalid or not available
WARNING: [Board 49-26] cannot add Board Part xilinx.com:zcu102:part0:3.4 available at C:/Xilinx/Vivado/2023.2/data/xhub/boards/XilinxBoardStore/boards/Xilinx/zcu102/3.4/board.xml as part xczu9eg-ffvb1156-2-e specified in board_part file is either invalid or not available
WARNING: [Board 49-26] cannot add Board Part xilinx.com:zcu111:part0:1.2 available at C:/Xilinx/Vivado/2023.2/data/xhub/boards/XilinxBoardStore/boards/Xilinx/zcu111/1.2/board.xml as part xczu28dr-ffvg1517-2-e specified in board_part file is either invalid or not available
WARNING: [Board 49-26] cannot add Board Part xilinx.com:zcu111:part0:1.3 available at C:/Xilinx/Vivado/2023.2/data/xhub/boards/XilinxBoardStore/boards/Xilinx/zcu111/1.3/board.xml as part xczu28dr-ffvg1517-2-e specified in board_part file is either invalid or not available
WARNING: [Board 49-26] cannot add Board Part xilinx.com:zcu111:part0:1.4 available at C:/Xilinx/Vivado/2023.2/data/xhub/boards/XilinxBoardStore/boards/Xilinx/zcu111/1.4/board.xml as part xczu28dr-ffvg1517-2-e specified in board_part file is either invalid or not available
WARNING: [Board 49-26] cannot add Board Part xilinx.com:zcu1275:part0:1.0 available at C:/Xilinx/Vivado/2023.2/data/xhub/boards/XilinxBoardStore/boards/Xilinx/zcu1275/1.0/board.xml as part xczu29dr-ffvf1760-2-e specified in board_part file is either invalid or not available
WARNING: [Board 49-26] cannot add Board Part xilinx.com:zcu1285:part0:1.0 available at C:/Xilinx/Vivado/2023.2/data/xhub/boards/XilinxBoardStore/boards/Xilinx/zcu1285/1.0/board.xml as part xczu39dr-ffvf1760-2-i specified in board_part file is either invalid or not available
WARNING: [Board 49-26] cannot add Board Part xilinx.com:zcu208:part0:2.0 available at C:/Xilinx/Vivado/2023.2/data/xhub/boards/XilinxBoardStore/boards/Xilinx/zcu208/production/2.0/board.xml as part xczu48dr-fsvg1517-2-e specified in board_part file is either invalid or not available
WARNING: [Board 49-26] cannot add Board Part xilinx.com:zcu208ld:part0:2.0 available at C:/Xilinx/Vivado/2023.2/data/xhub/boards/XilinxBoardStore/boards/Xilinx/zcu208ld/production/2.0/board.xml as part xczu58dr-fsvg1517-2-i specified in board_part file is either invalid or not available
WARNING: [Board 49-26] cannot add Board Part xilinx.com:zcu216:part0:2.0 available at C:/Xilinx/Vivado/2023.2/data/xhub/boards/XilinxBoardStore/boards/Xilinx/zcu216/production/2.0/board.xml as part xczu49dr-ffvf1760-2-e specified in board_part file is either invalid or not available
WARNING: [Board 49-26] cannot add Board Part xilinx.com:zcu216ld:part0:2.0 available at C:/Xilinx/Vivado/2023.2/data/xhub/boards/XilinxBoardStore/boards/Xilinx/zcu216ld/production/2.0/board.xml as part xczu59dr-ffvf1760-2-i specified in board_part file is either invalid or not available
WARNING: [Board 49-26] cannot add Board Part xilinx.com:zcu670:part0:2.0 available at C:/Xilinx/Vivado/2023.2/data/xhub/boards/XilinxBoardStore/boards/Xilinx/zcu670/2.0/board.xml as part xczu67dr-fsve1156-2-i specified in board_part file is either invalid or not available
WARNING: [Board 49-26] cannot add Board Part xilinx.com:zcu670ld:part0:1.0 available at C:/Xilinx/Vivado/2023.2/data/xhub/boards/XilinxBoardStore/boards/Xilinx/zcu670ld/1.0/board.xml as part xczu57dr-fsve1156-2-i specified in board_part file is either invalid or not available
INFO: [filemgmt 56-3] Default IP Output Path : Could not find the directory 'C:/Users/bardi/Desktop/AI_VHDL/VHDL_CODE/VHDL_CODE.gen/sources_1'.
Scanning sources...
Finished scanning sources
INFO: [IP_Flow 19-234] Refreshing IP repositories
INFO: [IP_Flow 19-1704] No user IP repositories specified
INFO: [IP_Flow 19-2313] Loaded Vivado IP repository 'C:/Xilinx/Vivado/2023.2/data/ip'.
update_compile_order -fileset sources_1
update_compile_order -fileset sources_1
WARNING: [filemgmt 56-199] Attempt to get parsing info during refresh. "On-the-fly" syntax checking information may be incorrect. [C:\Users\bardi\Desktop\AI_VHDL\VHDL_CODE\VHDL_CODE.srcs\sources_1\new\MAIN.vhd:]
WARNING: [filemgmt 56-199] Attempt to get parsing info during refresh. "On-the-fly" syntax checking information may be incorrect. [C:\Users\bardi\Desktop\AI_VHDL\VHDL_CODE\VHDL_CODE.srcs\sources_1\new\weights.vhd:]
ERROR: [Common 17-180] Spawn failed: No error
reset_run synth_1
INFO: [Project 1-1161] Replacing file C:/Users/bardi/Desktop/AI_VHDL/VHDL_CODE/VHDL_CODE.srcs/utils_1/imports/synth_1/vga.dcp with file C:/Users/bardi/Desktop/AI_VHDL/VHDL_CODE/VHDL_CODE.runs/synth_1/vga.dcp
WARNING: [filemgmt 56-199] Attempt to get parsing info during refresh. "On-the-fly" syntax checking information may be incorrect. [C:\Users\bardi\Desktop\AI_VHDL\VHDL_CODE\VHDL_CODE.srcs\sources_1\new\MAIN.vhd:]
WARNING: [filemgmt 56-199] Attempt to get parsing info during refresh. "On-the-fly" syntax checking information may be incorrect. [C:\Users\bardi\Desktop\AI_VHDL\VHDL_CODE\VHDL_CODE.srcs\sources_1\new\weights.vhd:]
ERROR: [Common 17-180] Spawn failed: No error
launch_runs synth_1 -jobs 32
[Sun Jul  6 11:26:19 2025] Launched synth_1...
Run output will be captured here: C:/Users/bardi/Desktop/AI_VHDL/VHDL_CODE/VHDL_CODE.runs/synth_1/runme.log
reset_run synth_1
INFO: [Project 1-1161] Replacing file C:/Users/bardi/Desktop/AI_VHDL/VHDL_CODE/VHDL_CODE.srcs/utils_1/imports/synth_1/vga.dcp with file C:/Users/bardi/Desktop/AI_VHDL/VHDL_CODE/VHDL_CODE.runs/synth_1/vga.dcp
WARNING: [filemgmt 56-199] Attempt to get parsing info during refresh. "On-the-fly" syntax checking information may be incorrect. [C:\Users\bardi\Desktop\AI_VHDL\VHDL_CODE\VHDL_CODE.srcs\sources_1\new\MAIN.vhd:]
WARNING: [filemgmt 56-199] Attempt to get parsing info during refresh. "On-the-fly" syntax checking information may be incorrect. [C:\Users\bardi\Desktop\AI_VHDL\VHDL_CODE\VHDL_CODE.srcs\sources_1\new\weights.vhd:]
launch_runs synth_1 -jobs 32
ERROR: [Common 17-180] Spawn failed: No error
WARNING: [filemgmt 56-199] Attempt to get parsing info during refresh. "On-the-fly" syntax checking information may be incorrect. [C:\Users\bardi\Desktop\AI_VHDL\VHDL_CODE\VHDL_CODE.srcs\sources_1\new\MAIN.vhd:]
WARNING: [filemgmt 56-199] Attempt to get parsing info during refresh. "On-the-fly" syntax checking information may be incorrect. [C:\Users\bardi\Desktop\AI_VHDL\VHDL_CODE\VHDL_CODE.srcs\sources_1\new\weights.vhd:]
ERROR: [Vivado 12-4756] Launch of runs aborted due to earlier errors while preparing sub-designs for run execution.
ERROR: [Common 17-180] Spawn failed: No error
launch_runs synth_1 -jobs 32
[Sun Jul  6 11:30:54 2025] Launched synth_1...
Run output will be captured here: C:/Users/bardi/Desktop/AI_VHDL/VHDL_CODE/VHDL_CODE.runs/synth_1/runme.log
WARNING: [filemgmt 56-199] Attempt to get parsing info during refresh. "On-the-fly" syntax checking information may be incorrect. [C:\Users\bardi\Desktop\AI_VHDL\VHDL_CODE\VHDL_CODE.srcs\sources_1\new\MAIN.vhd:]
WARNING: [filemgmt 56-199] Attempt to get parsing info during refresh. "On-the-fly" syntax checking information may be incorrect. [C:\Users\bardi\Desktop\AI_VHDL\VHDL_CODE\VHDL_CODE.srcs\sources_1\new\weights.vhd:]
ERROR: [Common 17-180] Spawn failed: No error
reset_run synth_1
launch_runs synth_1 -jobs 32
[Sun Jul  6 11:32:01 2025] Launched synth_1...
Run output will be captured here: C:/Users/bardi/Desktop/AI_VHDL/VHDL_CODE/VHDL_CODE.runs/synth_1/runme.log
WARNING: [filemgmt 56-199] Attempt to get parsing info during refresh. "On-the-fly" syntax checking information may be incorrect. [C:\Users\bardi\Desktop\AI_VHDL\VHDL_CODE\VHDL_CODE.srcs\sources_1\new\MAIN.vhd:]
WARNING: [filemgmt 56-199] Attempt to get parsing info during refresh. "On-the-fly" syntax checking information may be incorrect. [C:\Users\bardi\Desktop\AI_VHDL\VHDL_CODE\VHDL_CODE.srcs\sources_1\new\weights.vhd:]
ERROR: [Common 17-180] Spawn failed: No error
close [ open C:/Users/bardi/Desktop/AI_VHDL/VHDL_CODE/VHDL_CODE.srcs/sources_1/new/Ai_processing.vhd w ]
add_files C:/Users/bardi/Desktop/AI_VHDL/VHDL_CODE/VHDL_CODE.srcs/sources_1/new/Ai_processing.vhd
WARNING: [filemgmt 56-199] Attempt to get parsing info during refresh. "On-the-fly" syntax checking information may be incorrect. [C:\Users\bardi\Desktop\AI_VHDL\VHDL_CODE\VHDL_CODE.srcs\sources_1\new\MAIN.vhd:]
WARNING: [filemgmt 56-199] Attempt to get parsing info during refresh. "On-the-fly" syntax checking information may be incorrect. [C:\Users\bardi\Desktop\AI_VHDL\VHDL_CODE\VHDL_CODE.srcs\sources_1\new\weights.vhd:]
ERROR: [Common 17-180] Spawn failed: No error
WARNING: [filemgmt 56-199] Attempt to get parsing info during refresh. "On-the-fly" syntax checking information may be incorrect. [C:\Users\bardi\Desktop\AI_VHDL\VHDL_CODE\VHDL_CODE.srcs\sources_1\new\MAIN.vhd:]
WARNING: [filemgmt 56-199] Attempt to get parsing info during refresh. "On-the-fly" syntax checking information may be incorrect. [C:\Users\bardi\Desktop\AI_VHDL\VHDL_CODE\VHDL_CODE.srcs\sources_1\new\weights.vhd:]
ERROR: [Common 17-180] Spawn failed: No error
update_compile_order -fileset sources_1
WARNING: [filemgmt 56-199] Attempt to get parsing info during refresh. "On-the-fly" syntax checking information may be incorrect. [C:\Users\bardi\Desktop\AI_VHDL\VHDL_CODE\VHDL_CODE.srcs\sources_1\new\MAIN.vhd:]
WARNING: [filemgmt 56-199] Attempt to get parsing info during refresh. "On-the-fly" syntax checking information may be incorrect. [C:\Users\bardi\Desktop\AI_VHDL\VHDL_CODE\VHDL_CODE.srcs\sources_1\new\weights.vhd:]
ERROR: [Common 17-180] Spawn failed: No error
WARNING: [filemgmt 56-199] Attempt to get parsing info during refresh. "On-the-fly" syntax checking information may be incorrect. [C:\Users\bardi\Desktop\AI_VHDL\VHDL_CODE\VHDL_CODE.srcs\sources_1\new\MAIN.vhd:]
WARNING: [filemgmt 56-199] Attempt to get parsing info during refresh. "On-the-fly" syntax checking information may be incorrect. [C:\Users\bardi\Desktop\AI_VHDL\VHDL_CODE\VHDL_CODE.srcs\sources_1\new\weights.vhd:]
WARNING: [filemgmt 56-199] Attempt to get parsing info during refresh. "On-the-fly" syntax checking information may be incorrect. [C:\Users\bardi\Desktop\AI_VHDL\VHDL_CODE\VHDL_CODE.srcs\sources_1\new\Ai_processing.vhd:]
WARNING: [filemgmt 56-199] Attempt to get parsing info during refresh. "On-the-fly" syntax checking information may be incorrect. [C:\Users\bardi\Desktop\AI_VHDL\VHDL_CODE\VHDL_CODE.srcs\sources_1\new\MAIN.vhd:]
WARNING: [filemgmt 56-199] Attempt to get parsing info during refresh. "On-the-fly" syntax checking information may be incorrect. [C:\Users\bardi\Desktop\AI_VHDL\VHDL_CODE\VHDL_CODE.srcs\sources_1\new\weights.vhd:]
WARNING: [filemgmt 56-199] Attempt to get parsing info during refresh. "On-the-fly" syntax checking information may be incorrect. [C:\Users\bardi\Desktop\AI_VHDL\VHDL_CODE\VHDL_CODE.srcs\sources_1\new\Ai_processing.vhd:]
ERROR: [Common 17-180] Spawn failed: No error
WARNING: [filemgmt 56-199] Attempt to get parsing info during refresh. "On-the-fly" syntax checking information may be incorrect. [C:\Users\bardi\Desktop\AI_VHDL\VHDL_CODE\VHDL_CODE.srcs\sources_1\new\MAIN.vhd:]
WARNING: [filemgmt 56-199] Attempt to get parsing info during refresh. "On-the-fly" syntax checking information may be incorrect. [C:\Users\bardi\Desktop\AI_VHDL\VHDL_CODE\VHDL_CODE.srcs\sources_1\new\weights.vhd:]
WARNING: [filemgmt 56-199] Attempt to get parsing info during refresh. "On-the-fly" syntax checking information may be incorrect. [C:\Users\bardi\Desktop\AI_VHDL\VHDL_CODE\VHDL_CODE.srcs\sources_1\new\Ai_processing.vhd:]
ERROR: [Common 17-180] Spawn failed: No error
WARNING: [filemgmt 56-199] Attempt to get parsing info during refresh. "On-the-fly" syntax checking information may be incorrect. [C:\Users\bardi\Desktop\AI_VHDL\VHDL_CODE\VHDL_CODE.srcs\sources_1\new\MAIN.vhd:]
WARNING: [filemgmt 56-199] Attempt to get parsing info during refresh. "On-the-fly" syntax checking information may be incorrect. [C:\Users\bardi\Desktop\AI_VHDL\VHDL_CODE\VHDL_CODE.srcs\sources_1\new\weights.vhd:]
WARNING: [filemgmt 56-199] Attempt to get parsing info during refresh. "On-the-fly" syntax checking information may be incorrect. [C:\Users\bardi\Desktop\AI_VHDL\VHDL_CODE\VHDL_CODE.srcs\sources_1\new\Ai_processing.vhd:]
WARNING: [filemgmt 56-199] Attempt to get parsing info during refresh. "On-the-fly" syntax checking information may be incorrect. [C:\Users\bardi\Desktop\AI_VHDL\VHDL_CODE\VHDL_CODE.srcs\sources_1\new\MAIN.vhd:]
WARNING: [filemgmt 56-199] Attempt to get parsing info during refresh. "On-the-fly" syntax checking information may be incorrect. [C:\Users\bardi\Desktop\AI_VHDL\VHDL_CODE\VHDL_CODE.srcs\sources_1\new\weights.vhd:]
WARNING: [filemgmt 56-199] Attempt to get parsing info during refresh. "On-the-fly" syntax checking information may be incorrect. [C:\Users\bardi\Desktop\AI_VHDL\VHDL_CODE\VHDL_CODE.srcs\sources_1\new\Ai_processing.vhd:]
ERROR: [Common 17-180] Spawn failed: No error
close [ open C:/Users/bardi/Desktop/AI_VHDL/VHDL_CODE/VHDL_CODE.srcs/sources_1/new/top_module.vhd w ]
add_files C:/Users/bardi/Desktop/AI_VHDL/VHDL_CODE/VHDL_CODE.srcs/sources_1/new/top_module.vhd
WARNING: [filemgmt 56-199] Attempt to get parsing info during refresh. "On-the-fly" syntax checking information may be incorrect. [C:\Users\bardi\Desktop\AI_VHDL\VHDL_CODE\VHDL_CODE.srcs\sources_1\new\MAIN.vhd:]
WARNING: [filemgmt 56-199] Attempt to get parsing info during refresh. "On-the-fly" syntax checking information may be incorrect. [C:\Users\bardi\Desktop\AI_VHDL\VHDL_CODE\VHDL_CODE.srcs\sources_1\new\weights.vhd:]
WARNING: [filemgmt 56-199] Attempt to get parsing info during refresh. "On-the-fly" syntax checking information may be incorrect. [C:\Users\bardi\Desktop\AI_VHDL\VHDL_CODE\VHDL_CODE.srcs\sources_1\new\Ai_processing.vhd:]
WARNING: [filemgmt 56-199] Attempt to get parsing info during refresh. "On-the-fly" syntax checking information may be incorrect. [C:\Users\bardi\Desktop\AI_VHDL\VHDL_CODE\VHDL_CODE.srcs\sources_1\new\MAIN.vhd:]
WARNING: [filemgmt 56-199] Attempt to get parsing info during refresh. "On-the-fly" syntax checking information may be incorrect. [C:\Users\bardi\Desktop\AI_VHDL\VHDL_CODE\VHDL_CODE.srcs\sources_1\new\weights.vhd:]
WARNING: [filemgmt 56-199] Attempt to get parsing info during refresh. "On-the-fly" syntax checking information may be incorrect. [C:\Users\bardi\Desktop\AI_VHDL\VHDL_CODE\VHDL_CODE.srcs\sources_1\new\Ai_processing.vhd:]
ERROR: [Common 17-180] Spawn failed: No error
WARNING: [filemgmt 56-199] Attempt to get parsing info during refresh. "On-the-fly" syntax checking information may be incorrect. [C:\Users\bardi\Desktop\AI_VHDL\VHDL_CODE\VHDL_CODE.srcs\sources_1\new\MAIN.vhd:]
WARNING: [filemgmt 56-199] Attempt to get parsing info during refresh. "On-the-fly" syntax checking information may be incorrect. [C:\Users\bardi\Desktop\AI_VHDL\VHDL_CODE\VHDL_CODE.srcs\sources_1\new\weights.vhd:]
WARNING: [filemgmt 56-199] Attempt to get parsing info during refresh. "On-the-fly" syntax checking information may be incorrect. [C:\Users\bardi\Desktop\AI_VHDL\VHDL_CODE\VHDL_CODE.srcs\sources_1\new\Ai_processing.vhd:]
WARNING: [filemgmt 56-199] Attempt to get parsing info during refresh. "On-the-fly" syntax checking information may be incorrect. [C:\Users\bardi\Desktop\AI_VHDL\VHDL_CODE\VHDL_CODE.srcs\sources_1\new\MAIN.vhd:]
WARNING: [filemgmt 56-199] Attempt to get parsing info during refresh. "On-the-fly" syntax checking information may be incorrect. [C:\Users\bardi\Desktop\AI_VHDL\VHDL_CODE\VHDL_CODE.srcs\sources_1\new\weights.vhd:]
WARNING: [filemgmt 56-199] Attempt to get parsing info during refresh. "On-the-fly" syntax checking information may be incorrect. [C:\Users\bardi\Desktop\AI_VHDL\VHDL_CODE\VHDL_CODE.srcs\sources_1\new\Ai_processing.vhd:]
ERROR: [Common 17-180] Spawn failed: No error
update_compile_order -fileset sources_1
WARNING: [filemgmt 56-199] Attempt to get parsing info during refresh. "On-the-fly" syntax checking information may be incorrect. [C:\Users\bardi\Desktop\AI_VHDL\VHDL_CODE\VHDL_CODE.srcs\sources_1\new\MAIN.vhd:]
WARNING: [filemgmt 56-199] Attempt to get parsing info during refresh. "On-the-fly" syntax checking information may be incorrect. [C:\Users\bardi\Desktop\AI_VHDL\VHDL_CODE\VHDL_CODE.srcs\sources_1\new\weights.vhd:]
WARNING: [filemgmt 56-199] Attempt to get parsing info during refresh. "On-the-fly" syntax checking information may be incorrect. [C:\Users\bardi\Desktop\AI_VHDL\VHDL_CODE\VHDL_CODE.srcs\sources_1\new\Ai_processing.vhd:]
ERROR: [Common 17-180] Spawn failed: No error
WARNING: [filemgmt 56-199] Attempt to get parsing info during refresh. "On-the-fly" syntax checking information may be incorrect. [C:\Users\bardi\Desktop\AI_VHDL\VHDL_CODE\VHDL_CODE.srcs\sources_1\new\MAIN.vhd:]
WARNING: [filemgmt 56-199] Attempt to get parsing info during refresh. "On-the-fly" syntax checking information may be incorrect. [C:\Users\bardi\Desktop\AI_VHDL\VHDL_CODE\VHDL_CODE.srcs\sources_1\new\weights.vhd:]
WARNING: [filemgmt 56-199] Attempt to get parsing info during refresh. "On-the-fly" syntax checking information may be incorrect. [C:\Users\bardi\Desktop\AI_VHDL\VHDL_CODE\VHDL_CODE.srcs\sources_1\new\Ai_processing.vhd:]
export_ip_user_files -of_objects  [get_files C:/Users/bardi/Desktop/AI_VHDL/VHDL_CODE/VHDL_CODE.srcs/sources_1/new/top_module.vhd] -no_script -reset -force -quiet
remove_files  C:/Users/bardi/Desktop/AI_VHDL/VHDL_CODE/VHDL_CODE.srcs/sources_1/new/top_module.vhd
WARNING: [filemgmt 56-199] Attempt to get parsing info during refresh. "On-the-fly" syntax checking information may be incorrect. [C:\Users\bardi\Desktop\AI_VHDL\VHDL_CODE\VHDL_CODE.srcs\sources_1\new\MAIN.vhd:]
WARNING: [filemgmt 56-199] Attempt to get parsing info during refresh. "On-the-fly" syntax checking information may be incorrect. [C:\Users\bardi\Desktop\AI_VHDL\VHDL_CODE\VHDL_CODE.srcs\sources_1\new\top_module.vhd:]
WARNING: [filemgmt 56-199] Attempt to get parsing info during refresh. "On-the-fly" syntax checking information may be incorrect. [C:\Users\bardi\Desktop\AI_VHDL\VHDL_CODE\VHDL_CODE.srcs\sources_1\new\weights.vhd:]
WARNING: [filemgmt 56-199] Attempt to get parsing info during refresh. "On-the-fly" syntax checking information may be incorrect. [C:\Users\bardi\Desktop\AI_VHDL\VHDL_CODE\VHDL_CODE.srcs\sources_1\new\Ai_processing.vhd:]
ERROR: [Common 17-180] Spawn failed: No error
WARNING: [filemgmt 56-199] Attempt to get parsing info during refresh. "On-the-fly" syntax checking information may be incorrect. [C:\Users\bardi\Desktop\AI_VHDL\VHDL_CODE\VHDL_CODE.srcs\sources_1\new\MAIN.vhd:]
WARNING: [filemgmt 56-199] Attempt to get parsing info during refresh. "On-the-fly" syntax checking information may be incorrect. [C:\Users\bardi\Desktop\AI_VHDL\VHDL_CODE\VHDL_CODE.srcs\sources_1\new\top_module.vhd:]
WARNING: [filemgmt 56-199] Attempt to get parsing info during refresh. "On-the-fly" syntax checking information may be incorrect. [C:\Users\bardi\Desktop\AI_VHDL\VHDL_CODE\VHDL_CODE.srcs\sources_1\new\weights.vhd:]
WARNING: [filemgmt 56-199] Attempt to get parsing info during refresh. "On-the-fly" syntax checking information may be incorrect. [C:\Users\bardi\Desktop\AI_VHDL\VHDL_CODE\VHDL_CODE.srcs\sources_1\new\Ai_processing.vhd:]
remove_files  C:/Users/bardi/Desktop/AI_VHDL/VHDL_CODE/VHDL_CODE.srcs/sources_1/new/top_module.vhd
WARNING: [Vivado 12-818] No files matched 'C:/Users/bardi/Desktop/AI_VHDL/VHDL_CODE/VHDL_CODE.srcs/sources_1/new/top_module.vhd'
WARNING: [filemgmt 56-199] Attempt to get parsing info during refresh. "On-the-fly" syntax checking information may be incorrect. [C:\Users\bardi\Desktop\AI_VHDL\VHDL_CODE\VHDL_CODE.srcs\sources_1\new\MAIN.vhd:]
WARNING: [filemgmt 56-199] Attempt to get parsing info during refresh. "On-the-fly" syntax checking information may be incorrect. [C:\Users\bardi\Desktop\AI_VHDL\VHDL_CODE\VHDL_CODE.srcs\sources_1\new\top_module.vhd:]
WARNING: [filemgmt 56-199] Attempt to get parsing info during refresh. "On-the-fly" syntax checking information may be incorrect. [C:\Users\bardi\Desktop\AI_VHDL\VHDL_CODE\VHDL_CODE.srcs\sources_1\new\weights.vhd:]
WARNING: [filemgmt 56-199] Attempt to get parsing info during refresh. "On-the-fly" syntax checking information may be incorrect. [C:\Users\bardi\Desktop\AI_VHDL\VHDL_CODE\VHDL_CODE.srcs\sources_1\new\Ai_processing.vhd:]
update_compile_order -fileset sources_1
WARNING: [filemgmt 56-199] Attempt to get parsing info during refresh. "On-the-fly" syntax checking information may be incorrect. [C:\Users\bardi\Desktop\AI_VHDL\VHDL_CODE\VHDL_CODE.srcs\sources_1\new\MAIN.vhd:]
WARNING: [filemgmt 56-199] Attempt to get parsing info during refresh. "On-the-fly" syntax checking information may be incorrect. [C:\Users\bardi\Desktop\AI_VHDL\VHDL_CODE\VHDL_CODE.srcs\sources_1\new\top_module.vhd:]
WARNING: [filemgmt 56-199] Attempt to get parsing info during refresh. "On-the-fly" syntax checking information may be incorrect. [C:\Users\bardi\Desktop\AI_VHDL\VHDL_CODE\VHDL_CODE.srcs\sources_1\new\weights.vhd:]
WARNING: [filemgmt 56-199] Attempt to get parsing info during refresh. "On-the-fly" syntax checking information may be incorrect. [C:\Users\bardi\Desktop\AI_VHDL\VHDL_CODE\VHDL_CODE.srcs\sources_1\new\Ai_processing.vhd:]
ERROR: [Common 17-180] Spawn failed: No such file or directory
WARNING: [filemgmt 56-199] Attempt to get parsing info during refresh. "On-the-fly" syntax checking information may be incorrect. [C:\Users\bardi\Desktop\AI_VHDL\VHDL_CODE\VHDL_CODE.srcs\sources_1\new\MAIN.vhd:]
WARNING: [filemgmt 56-199] Attempt to get parsing info during refresh. "On-the-fly" syntax checking information may be incorrect. [C:\Users\bardi\Desktop\AI_VHDL\VHDL_CODE\VHDL_CODE.srcs\sources_1\new\top_module.vhd:]
WARNING: [filemgmt 56-199] Attempt to get parsing info during refresh. "On-the-fly" syntax checking information may be incorrect. [C:\Users\bardi\Desktop\AI_VHDL\VHDL_CODE\VHDL_CODE.srcs\sources_1\new\weights.vhd:]
WARNING: [filemgmt 56-199] Attempt to get parsing info during refresh. "On-the-fly" syntax checking information may be incorrect. [C:\Users\bardi\Desktop\AI_VHDL\VHDL_CODE\VHDL_CODE.srcs\sources_1\new\Ai_processing.vhd:]
WARNING: [filemgmt 56-199] Attempt to get parsing info during refresh. "On-the-fly" syntax checking information may be incorrect. [C:\Users\bardi\Desktop\AI_VHDL\VHDL_CODE\VHDL_CODE.srcs\sources_1\new\MAIN.vhd:]
WARNING: [filemgmt 56-199] Attempt to get parsing info during refresh. "On-the-fly" syntax checking information may be incorrect. [C:\Users\bardi\Desktop\AI_VHDL\VHDL_CODE\VHDL_CODE.srcs\sources_1\new\top_module.vhd:]
WARNING: [filemgmt 56-199] Attempt to get parsing info during refresh. "On-the-fly" syntax checking information may be incorrect. [C:\Users\bardi\Desktop\AI_VHDL\VHDL_CODE\VHDL_CODE.srcs\sources_1\new\weights.vhd:]
WARNING: [filemgmt 56-199] Attempt to get parsing info during refresh. "On-the-fly" syntax checking information may be incorrect. [C:\Users\bardi\Desktop\AI_VHDL\VHDL_CODE\VHDL_CODE.srcs\sources_1\new\Ai_processing.vhd:]
WARNING: [filemgmt 56-199] Attempt to get parsing info during refresh. "On-the-fly" syntax checking information may be incorrect. [C:\Users\bardi\Desktop\AI_VHDL\VHDL_CODE\VHDL_CODE.srcs\sources_1\new\MAIN.vhd:]
WARNING: [filemgmt 56-199] Attempt to get parsing info during refresh. "On-the-fly" syntax checking information may be incorrect. [C:\Users\bardi\Desktop\AI_VHDL\VHDL_CODE\VHDL_CODE.srcs\sources_1\new\top_module.vhd:]
WARNING: [filemgmt 56-199] Attempt to get parsing info during refresh. "On-the-fly" syntax checking information may be incorrect. [C:\Users\bardi\Desktop\AI_VHDL\VHDL_CODE\VHDL_CODE.srcs\sources_1\new\weights.vhd:]
WARNING: [filemgmt 56-199] Attempt to get parsing info during refresh. "On-the-fly" syntax checking information may be incorrect. [C:\Users\bardi\Desktop\AI_VHDL\VHDL_CODE\VHDL_CODE.srcs\sources_1\new\Ai_processing.vhd:]
ERROR: [Common 17-180] Spawn failed: No such file or directory
WARNING: [filemgmt 56-199] Attempt to get parsing info during refresh. "On-the-fly" syntax checking information may be incorrect. [C:\Users\bardi\Desktop\AI_VHDL\VHDL_CODE\VHDL_CODE.srcs\sources_1\new\MAIN.vhd:]
WARNING: [filemgmt 56-199] Attempt to get parsing info during refresh. "On-the-fly" syntax checking information may be incorrect. [C:\Users\bardi\Desktop\AI_VHDL\VHDL_CODE\VHDL_CODE.srcs\sources_1\new\top_module.vhd:]
WARNING: [filemgmt 56-199] Attempt to get parsing info during refresh. "On-the-fly" syntax checking information may be incorrect. [C:\Users\bardi\Desktop\AI_VHDL\VHDL_CODE\VHDL_CODE.srcs\sources_1\new\weights.vhd:]
WARNING: [filemgmt 56-199] Attempt to get parsing info during refresh. "On-the-fly" syntax checking information may be incorrect. [C:\Users\bardi\Desktop\AI_VHDL\VHDL_CODE\VHDL_CODE.srcs\sources_1\new\Ai_processing.vhd:]
ERROR: [Common 17-180] Spawn failed: No such file or directory
WARNING: [filemgmt 56-199] Attempt to get parsing info during refresh. "On-the-fly" syntax checking information may be incorrect. [C:\Users\bardi\Desktop\AI_VHDL\VHDL_CODE\VHDL_CODE.srcs\sources_1\new\MAIN.vhd:]
WARNING: [filemgmt 56-199] Attempt to get parsing info during refresh. "On-the-fly" syntax checking information may be incorrect. [C:\Users\bardi\Desktop\AI_VHDL\VHDL_CODE\VHDL_CODE.srcs\sources_1\new\top_module.vhd:]
WARNING: [filemgmt 56-199] Attempt to get parsing info during refresh. "On-the-fly" syntax checking information may be incorrect. [C:\Users\bardi\Desktop\AI_VHDL\VHDL_CODE\VHDL_CODE.srcs\sources_1\new\weights.vhd:]
WARNING: [filemgmt 56-199] Attempt to get parsing info during refresh. "On-the-fly" syntax checking information may be incorrect. [C:\Users\bardi\Desktop\AI_VHDL\VHDL_CODE\VHDL_CODE.srcs\sources_1\new\Ai_processing.vhd:]
WARNING: [filemgmt 56-199] Attempt to get parsing info during refresh. "On-the-fly" syntax checking information may be incorrect. [C:\Users\bardi\Desktop\AI_VHDL\VHDL_CODE\VHDL_CODE.srcs\sources_1\new\MAIN.vhd:]
WARNING: [filemgmt 56-199] Attempt to get parsing info during refresh. "On-the-fly" syntax checking information may be incorrect. [C:\Users\bardi\Desktop\AI_VHDL\VHDL_CODE\VHDL_CODE.srcs\sources_1\new\top_module.vhd:]
WARNING: [filemgmt 56-199] Attempt to get parsing info during refresh. "On-the-fly" syntax checking information may be incorrect. [C:\Users\bardi\Desktop\AI_VHDL\VHDL_CODE\VHDL_CODE.srcs\sources_1\new\weights.vhd:]
WARNING: [filemgmt 56-199] Attempt to get parsing info during refresh. "On-the-fly" syntax checking information may be incorrect. [C:\Users\bardi\Desktop\AI_VHDL\VHDL_CODE\VHDL_CODE.srcs\sources_1\new\Ai_processing.vhd:]
WARNING: [filemgmt 56-199] Attempt to get parsing info during refresh. "On-the-fly" syntax checking information may be incorrect. [C:\Users\bardi\Desktop\AI_VHDL\VHDL_CODE\VHDL_CODE.srcs\sources_1\new\MAIN.vhd:]
WARNING: [filemgmt 56-199] Attempt to get parsing info during refresh. "On-the-fly" syntax checking information may be incorrect. [C:\Users\bardi\Desktop\AI_VHDL\VHDL_CODE\VHDL_CODE.srcs\sources_1\new\top_module.vhd:]
WARNING: [filemgmt 56-199] Attempt to get parsing info during refresh. "On-the-fly" syntax checking information may be incorrect. [C:\Users\bardi\Desktop\AI_VHDL\VHDL_CODE\VHDL_CODE.srcs\sources_1\new\weights.vhd:]
WARNING: [filemgmt 56-199] Attempt to get parsing info during refresh. "On-the-fly" syntax checking information may be incorrect. [C:\Users\bardi\Desktop\AI_VHDL\VHDL_CODE\VHDL_CODE.srcs\sources_1\new\Ai_processing.vhd:]
ERROR: [Common 17-180] Spawn failed: No such file or directory
WARNING: [filemgmt 56-199] Attempt to get parsing info during refresh. "On-the-fly" syntax checking information may be incorrect. [C:\Users\bardi\Desktop\AI_VHDL\VHDL_CODE\VHDL_CODE.srcs\sources_1\new\MAIN.vhd:]
WARNING: [filemgmt 56-199] Attempt to get parsing info during refresh. "On-the-fly" syntax checking information may be incorrect. [C:\Users\bardi\Desktop\AI_VHDL\VHDL_CODE\VHDL_CODE.srcs\sources_1\new\top_module.vhd:]
WARNING: [filemgmt 56-199] Attempt to get parsing info during refresh. "On-the-fly" syntax checking information may be incorrect. [C:\Users\bardi\Desktop\AI_VHDL\VHDL_CODE\VHDL_CODE.srcs\sources_1\new\weights.vhd:]
WARNING: [filemgmt 56-199] Attempt to get parsing info during refresh. "On-the-fly" syntax checking information may be incorrect. [C:\Users\bardi\Desktop\AI_VHDL\VHDL_CODE\VHDL_CODE.srcs\sources_1\new\Ai_processing.vhd:]
WARNING: [filemgmt 56-199] Attempt to get parsing info during refresh. "On-the-fly" syntax checking information may be incorrect. [C:\Users\bardi\Desktop\AI_VHDL\VHDL_CODE\VHDL_CODE.srcs\sources_1\new\MAIN.vhd:]
WARNING: [filemgmt 56-199] Attempt to get parsing info during refresh. "On-the-fly" syntax checking information may be incorrect. [C:\Users\bardi\Desktop\AI_VHDL\VHDL_CODE\VHDL_CODE.srcs\sources_1\new\top_module.vhd:]
WARNING: [filemgmt 56-199] Attempt to get parsing info during refresh. "On-the-fly" syntax checking information may be incorrect. [C:\Users\bardi\Desktop\AI_VHDL\VHDL_CODE\VHDL_CODE.srcs\sources_1\new\weights.vhd:]
WARNING: [filemgmt 56-199] Attempt to get parsing info during refresh. "On-the-fly" syntax checking information may be incorrect. [C:\Users\bardi\Desktop\AI_VHDL\VHDL_CODE\VHDL_CODE.srcs\sources_1\new\Ai_processing.vhd:]
ERROR: [Common 17-180] Spawn failed: No such file or directory
WARNING: [filemgmt 56-199] Attempt to get parsing info during refresh. "On-the-fly" syntax checking information may be incorrect. [C:\Users\bardi\Desktop\AI_VHDL\VHDL_CODE\VHDL_CODE.srcs\sources_1\new\MAIN.vhd:]
WARNING: [filemgmt 56-199] Attempt to get parsing info during refresh. "On-the-fly" syntax checking information may be incorrect. [C:\Users\bardi\Desktop\AI_VHDL\VHDL_CODE\VHDL_CODE.srcs\sources_1\new\top_module.vhd:]
WARNING: [filemgmt 56-199] Attempt to get parsing info during refresh. "On-the-fly" syntax checking information may be incorrect. [C:\Users\bardi\Desktop\AI_VHDL\VHDL_CODE\VHDL_CODE.srcs\sources_1\new\weights.vhd:]
WARNING: [filemgmt 56-199] Attempt to get parsing info during refresh. "On-the-fly" syntax checking information may be incorrect. [C:\Users\bardi\Desktop\AI_VHDL\VHDL_CODE\VHDL_CODE.srcs\sources_1\new\Ai_processing.vhd:]
WARNING: [filemgmt 56-199] Attempt to get parsing info during refresh. "On-the-fly" syntax checking information may be incorrect. [C:\Users\bardi\Desktop\AI_VHDL\VHDL_CODE\VHDL_CODE.srcs\sources_1\new\MAIN.vhd:]
WARNING: [filemgmt 56-199] Attempt to get parsing info during refresh. "On-the-fly" syntax checking information may be incorrect. [C:\Users\bardi\Desktop\AI_VHDL\VHDL_CODE\VHDL_CODE.srcs\sources_1\new\top_module.vhd:]
WARNING: [filemgmt 56-199] Attempt to get parsing info during refresh. "On-the-fly" syntax checking information may be incorrect. [C:\Users\bardi\Desktop\AI_VHDL\VHDL_CODE\VHDL_CODE.srcs\sources_1\new\weights.vhd:]
WARNING: [filemgmt 56-199] Attempt to get parsing info during refresh. "On-the-fly" syntax checking information may be incorrect. [C:\Users\bardi\Desktop\AI_VHDL\VHDL_CODE\VHDL_CODE.srcs\sources_1\new\Ai_processing.vhd:]
ERROR: [Common 17-180] Spawn failed: No such file or directory
WARNING: [filemgmt 56-199] Attempt to get parsing info during refresh. "On-the-fly" syntax checking information may be incorrect. [C:\Users\bardi\Desktop\AI_VHDL\VHDL_CODE\VHDL_CODE.srcs\sources_1\new\MAIN.vhd:]
WARNING: [filemgmt 56-199] Attempt to get parsing info during refresh. "On-the-fly" syntax checking information may be incorrect. [C:\Users\bardi\Desktop\AI_VHDL\VHDL_CODE\VHDL_CODE.srcs\sources_1\new\top_module.vhd:]
WARNING: [filemgmt 56-199] Attempt to get parsing info during refresh. "On-the-fly" syntax checking information may be incorrect. [C:\Users\bardi\Desktop\AI_VHDL\VHDL_CODE\VHDL_CODE.srcs\sources_1\new\weights.vhd:]
WARNING: [filemgmt 56-199] Attempt to get parsing info during refresh. "On-the-fly" syntax checking information may be incorrect. [C:\Users\bardi\Desktop\AI_VHDL\VHDL_CODE\VHDL_CODE.srcs\sources_1\new\Ai_processing.vhd:]
WARNING: [filemgmt 56-199] Attempt to get parsing info during refresh. "On-the-fly" syntax checking information may be incorrect. [C:\Users\bardi\Desktop\AI_VHDL\VHDL_CODE\VHDL_CODE.srcs\sources_1\new\MAIN.vhd:]
WARNING: [filemgmt 56-199] Attempt to get parsing info during refresh. "On-the-fly" syntax checking information may be incorrect. [C:\Users\bardi\Desktop\AI_VHDL\VHDL_CODE\VHDL_CODE.srcs\sources_1\new\top_module.vhd:]
WARNING: [filemgmt 56-199] Attempt to get parsing info during refresh. "On-the-fly" syntax checking information may be incorrect. [C:\Users\bardi\Desktop\AI_VHDL\VHDL_CODE\VHDL_CODE.srcs\sources_1\new\weights.vhd:]
WARNING: [filemgmt 56-199] Attempt to get parsing info during refresh. "On-the-fly" syntax checking information may be incorrect. [C:\Users\bardi\Desktop\AI_VHDL\VHDL_CODE\VHDL_CODE.srcs\sources_1\new\Ai_processing.vhd:]
ERROR: [Common 17-180] Spawn failed: No such file or directory
WARNING: [filemgmt 56-199] Attempt to get parsing info during refresh. "On-the-fly" syntax checking information may be incorrect. [C:\Users\bardi\Desktop\AI_VHDL\VHDL_CODE\VHDL_CODE.srcs\sources_1\new\MAIN.vhd:]
WARNING: [filemgmt 56-199] Attempt to get parsing info during refresh. "On-the-fly" syntax checking information may be incorrect. [C:\Users\bardi\Desktop\AI_VHDL\VHDL_CODE\VHDL_CODE.srcs\sources_1\new\top_module.vhd:]
WARNING: [filemgmt 56-199] Attempt to get parsing info during refresh. "On-the-fly" syntax checking information may be incorrect. [C:\Users\bardi\Desktop\AI_VHDL\VHDL_CODE\VHDL_CODE.srcs\sources_1\new\weights.vhd:]
WARNING: [filemgmt 56-199] Attempt to get parsing info during refresh. "On-the-fly" syntax checking information may be incorrect. [C:\Users\bardi\Desktop\AI_VHDL\VHDL_CODE\VHDL_CODE.srcs\sources_1\new\Ai_processing.vhd:]
WARNING: [filemgmt 56-199] Attempt to get parsing info during refresh. "On-the-fly" syntax checking information may be incorrect. [C:\Users\bardi\Desktop\AI_VHDL\VHDL_CODE\VHDL_CODE.srcs\sources_1\new\MAIN.vhd:]
WARNING: [filemgmt 56-199] Attempt to get parsing info during refresh. "On-the-fly" syntax checking information may be incorrect. [C:\Users\bardi\Desktop\AI_VHDL\VHDL_CODE\VHDL_CODE.srcs\sources_1\new\top_module.vhd:]
WARNING: [filemgmt 56-199] Attempt to get parsing info during refresh. "On-the-fly" syntax checking information may be incorrect. [C:\Users\bardi\Desktop\AI_VHDL\VHDL_CODE\VHDL_CODE.srcs\sources_1\new\weights.vhd:]
WARNING: [filemgmt 56-199] Attempt to get parsing info during refresh. "On-the-fly" syntax checking information may be incorrect. [C:\Users\bardi\Desktop\AI_VHDL\VHDL_CODE\VHDL_CODE.srcs\sources_1\new\Ai_processing.vhd:]
ERROR: [Common 17-180] Spawn failed: No such file or directory
WARNING: [filemgmt 56-199] Attempt to get parsing info during refresh. "On-the-fly" syntax checking information may be incorrect. [C:\Users\bardi\Desktop\AI_VHDL\VHDL_CODE\VHDL_CODE.srcs\sources_1\new\MAIN.vhd:]
WARNING: [filemgmt 56-199] Attempt to get parsing info during refresh. "On-the-fly" syntax checking information may be incorrect. [C:\Users\bardi\Desktop\AI_VHDL\VHDL_CODE\VHDL_CODE.srcs\sources_1\new\top_module.vhd:]
WARNING: [filemgmt 56-199] Attempt to get parsing info during refresh. "On-the-fly" syntax checking information may be incorrect. [C:\Users\bardi\Desktop\AI_VHDL\VHDL_CODE\VHDL_CODE.srcs\sources_1\new\weights.vhd:]
WARNING: [filemgmt 56-199] Attempt to get parsing info during refresh. "On-the-fly" syntax checking information may be incorrect. [C:\Users\bardi\Desktop\AI_VHDL\VHDL_CODE\VHDL_CODE.srcs\sources_1\new\Ai_processing.vhd:]
ERROR: [Common 17-180] Spawn failed: No such file or directory
WARNING: [filemgmt 56-199] Attempt to get parsing info during refresh. "On-the-fly" syntax checking information may be incorrect. [C:\Users\bardi\Desktop\AI_VHDL\VHDL_CODE\VHDL_CODE.srcs\sources_1\new\MAIN.vhd:]
WARNING: [filemgmt 56-199] Attempt to get parsing info during refresh. "On-the-fly" syntax checking information may be incorrect. [C:\Users\bardi\Desktop\AI_VHDL\VHDL_CODE\VHDL_CODE.srcs\sources_1\new\top_module.vhd:]
WARNING: [filemgmt 56-199] Attempt to get parsing info during refresh. "On-the-fly" syntax checking information may be incorrect. [C:\Users\bardi\Desktop\AI_VHDL\VHDL_CODE\VHDL_CODE.srcs\sources_1\new\weights.vhd:]
WARNING: [filemgmt 56-199] Attempt to get parsing info during refresh. "On-the-fly" syntax checking information may be incorrect. [C:\Users\bardi\Desktop\AI_VHDL\VHDL_CODE\VHDL_CODE.srcs\sources_1\new\Ai_processing.vhd:]
reset_run synth_1
INFO: [Project 1-1161] Replacing file C:/Users/bardi/Desktop/AI_VHDL/VHDL_CODE/VHDL_CODE.srcs/utils_1/imports/synth_1/vga.dcp with file C:/Users/bardi/Desktop/AI_VHDL/VHDL_CODE/VHDL_CODE.runs/synth_1/vga.dcp
launch_runs synth_1 -jobs 32
[Sun Jul  6 12:06:41 2025] Launched synth_1...
Run output will be captured here: C:/Users/bardi/Desktop/AI_VHDL/VHDL_CODE/VHDL_CODE.runs/synth_1/runme.log
WARNING: [filemgmt 56-199] Attempt to get parsing info during refresh. "On-the-fly" syntax checking information may be incorrect. [C:\Users\bardi\Desktop\AI_VHDL\VHDL_CODE\VHDL_CODE.srcs\sources_1\new\MAIN.vhd:]
WARNING: [filemgmt 56-199] Attempt to get parsing info during refresh. "On-the-fly" syntax checking information may be incorrect. [C:\Users\bardi\Desktop\AI_VHDL\VHDL_CODE\VHDL_CODE.srcs\sources_1\new\top_module.vhd:]
WARNING: [filemgmt 56-199] Attempt to get parsing info during refresh. "On-the-fly" syntax checking information may be incorrect. [C:\Users\bardi\Desktop\AI_VHDL\VHDL_CODE\VHDL_CODE.srcs\sources_1\new\weights.vhd:]
WARNING: [filemgmt 56-199] Attempt to get parsing info during refresh. "On-the-fly" syntax checking information may be incorrect. [C:\Users\bardi\Desktop\AI_VHDL\VHDL_CODE\VHDL_CODE.srcs\sources_1\new\Ai_processing.vhd:]
WARNING: [filemgmt 56-199] Attempt to get parsing info during refresh. "On-the-fly" syntax checking information may be incorrect. [C:\Users\bardi\Desktop\AI_VHDL\VHDL_CODE\VHDL_CODE.srcs\sources_1\new\MAIN.vhd:]
WARNING: [filemgmt 56-199] Attempt to get parsing info during refresh. "On-the-fly" syntax checking information may be incorrect. [C:\Users\bardi\Desktop\AI_VHDL\VHDL_CODE\VHDL_CODE.srcs\sources_1\new\top_module.vhd:]
WARNING: [filemgmt 56-199] Attempt to get parsing info during refresh. "On-the-fly" syntax checking information may be incorrect. [C:\Users\bardi\Desktop\AI_VHDL\VHDL_CODE\VHDL_CODE.srcs\sources_1\new\weights.vhd:]
WARNING: [filemgmt 56-199] Attempt to get parsing info during refresh. "On-the-fly" syntax checking information may be incorrect. [C:\Users\bardi\Desktop\AI_VHDL\VHDL_CODE\VHDL_CODE.srcs\sources_1\new\Ai_processing.vhd:]
ERROR: [Common 17-180] Spawn failed: No such file or directory
WARNING: [filemgmt 56-199] Attempt to get parsing info during refresh. "On-the-fly" syntax checking information may be incorrect. [C:\Users\bardi\Desktop\AI_VHDL\VHDL_CODE\VHDL_CODE.srcs\sources_1\new\MAIN.vhd:]
WARNING: [filemgmt 56-199] Attempt to get parsing info during refresh. "On-the-fly" syntax checking information may be incorrect. [C:\Users\bardi\Desktop\AI_VHDL\VHDL_CODE\VHDL_CODE.srcs\sources_1\new\top_module.vhd:]
WARNING: [filemgmt 56-199] Attempt to get parsing info during refresh. "On-the-fly" syntax checking information may be incorrect. [C:\Users\bardi\Desktop\AI_VHDL\VHDL_CODE\VHDL_CODE.srcs\sources_1\new\weights.vhd:]
WARNING: [filemgmt 56-199] Attempt to get parsing info during refresh. "On-the-fly" syntax checking information may be incorrect. [C:\Users\bardi\Desktop\AI_VHDL\VHDL_CODE\VHDL_CODE.srcs\sources_1\new\Ai_processing.vhd:]
WARNING: [filemgmt 56-199] Attempt to get parsing info during refresh. "On-the-fly" syntax checking information may be incorrect. [C:\Users\bardi\Desktop\AI_VHDL\VHDL_CODE\VHDL_CODE.srcs\sources_1\new\MAIN.vhd:]
WARNING: [filemgmt 56-199] Attempt to get parsing info during refresh. "On-the-fly" syntax checking information may be incorrect. [C:\Users\bardi\Desktop\AI_VHDL\VHDL_CODE\VHDL_CODE.srcs\sources_1\new\top_module.vhd:]
WARNING: [filemgmt 56-199] Attempt to get parsing info during refresh. "On-the-fly" syntax checking information may be incorrect. [C:\Users\bardi\Desktop\AI_VHDL\VHDL_CODE\VHDL_CODE.srcs\sources_1\new\weights.vhd:]
WARNING: [filemgmt 56-199] Attempt to get parsing info during refresh. "On-the-fly" syntax checking information may be incorrect. [C:\Users\bardi\Desktop\AI_VHDL\VHDL_CODE\VHDL_CODE.srcs\sources_1\new\Ai_processing.vhd:]
ERROR: [Common 17-180] Spawn failed: No such file or directory
update_compile_order -fileset sources_1
WARNING: [filemgmt 56-199] Attempt to get parsing info during refresh. "On-the-fly" syntax checking information may be incorrect. [C:\Users\bardi\Desktop\AI_VHDL\VHDL_CODE\VHDL_CODE.srcs\sources_1\new\MAIN.vhd:]
WARNING: [filemgmt 56-199] Attempt to get parsing info during refresh. "On-the-fly" syntax checking information may be incorrect. [C:\Users\bardi\Desktop\AI_VHDL\VHDL_CODE\VHDL_CODE.srcs\sources_1\new\top_module.vhd:]
WARNING: [filemgmt 56-199] Attempt to get parsing info during refresh. "On-the-fly" syntax checking information may be incorrect. [C:\Users\bardi\Desktop\AI_VHDL\VHDL_CODE\VHDL_CODE.srcs\sources_1\new\weights.vhd:]
WARNING: [filemgmt 56-199] Attempt to get parsing info during refresh. "On-the-fly" syntax checking information may be incorrect. [C:\Users\bardi\Desktop\AI_VHDL\VHDL_CODE\VHDL_CODE.srcs\sources_1\new\Ai_processing.vhd:]
ERROR: [Common 17-180] Spawn failed: No such file or directory
WARNING: [filemgmt 56-199] Attempt to get parsing info during refresh. "On-the-fly" syntax checking information may be incorrect. [C:\Users\bardi\Desktop\AI_VHDL\VHDL_CODE\VHDL_CODE.srcs\sources_1\new\MAIN.vhd:]
WARNING: [filemgmt 56-199] Attempt to get parsing info during refresh. "On-the-fly" syntax checking information may be incorrect. [C:\Users\bardi\Desktop\AI_VHDL\VHDL_CODE\VHDL_CODE.srcs\sources_1\new\top_module.vhd:]
WARNING: [filemgmt 56-199] Attempt to get parsing info during refresh. "On-the-fly" syntax checking information may be incorrect. [C:\Users\bardi\Desktop\AI_VHDL\VHDL_CODE\VHDL_CODE.srcs\sources_1\new\weights.vhd:]
WARNING: [filemgmt 56-199] Attempt to get parsing info during refresh. "On-the-fly" syntax checking information may be incorrect. [C:\Users\bardi\Desktop\AI_VHDL\VHDL_CODE\VHDL_CODE.srcs\sources_1\new\Ai_processing.vhd:]
WARNING: [filemgmt 56-199] Attempt to get parsing info during refresh. "On-the-fly" syntax checking information may be incorrect. [C:\Users\bardi\Desktop\AI_VHDL\VHDL_CODE\VHDL_CODE.srcs\sources_1\new\MAIN.vhd:]
WARNING: [filemgmt 56-199] Attempt to get parsing info during refresh. "On-the-fly" syntax checking information may be incorrect. [C:\Users\bardi\Desktop\AI_VHDL\VHDL_CODE\VHDL_CODE.srcs\sources_1\new\top_module.vhd:]
WARNING: [filemgmt 56-199] Attempt to get parsing info during refresh. "On-the-fly" syntax checking information may be incorrect. [C:\Users\bardi\Desktop\AI_VHDL\VHDL_CODE\VHDL_CODE.srcs\sources_1\new\weights.vhd:]
WARNING: [filemgmt 56-199] Attempt to get parsing info during refresh. "On-the-fly" syntax checking information may be incorrect. [C:\Users\bardi\Desktop\AI_VHDL\VHDL_CODE\VHDL_CODE.srcs\sources_1\new\Ai_processing.vhd:]
ERROR: [Common 17-180] Spawn failed: No such file or directory
WARNING: [filemgmt 56-199] Attempt to get parsing info during refresh. "On-the-fly" syntax checking information may be incorrect. [C:\Users\bardi\Desktop\AI_VHDL\VHDL_CODE\VHDL_CODE.srcs\sources_1\new\MAIN.vhd:]
WARNING: [filemgmt 56-199] Attempt to get parsing info during refresh. "On-the-fly" syntax checking information may be incorrect. [C:\Users\bardi\Desktop\AI_VHDL\VHDL_CODE\VHDL_CODE.srcs\sources_1\new\top_module.vhd:]
WARNING: [filemgmt 56-199] Attempt to get parsing info during refresh. "On-the-fly" syntax checking information may be incorrect. [C:\Users\bardi\Desktop\AI_VHDL\VHDL_CODE\VHDL_CODE.srcs\sources_1\new\weights.vhd:]
WARNING: [filemgmt 56-199] Attempt to get parsing info during refresh. "On-the-fly" syntax checking information may be incorrect. [C:\Users\bardi\Desktop\AI_VHDL\VHDL_CODE\VHDL_CODE.srcs\sources_1\new\Ai_processing.vhd:]
update_compile_order -fileset sources_1
WARNING: [filemgmt 56-199] Attempt to get parsing info during refresh. "On-the-fly" syntax checking information may be incorrect. [C:\Users\bardi\Desktop\AI_VHDL\VHDL_CODE\VHDL_CODE.srcs\sources_1\new\MAIN.vhd:]
WARNING: [filemgmt 56-199] Attempt to get parsing info during refresh. "On-the-fly" syntax checking information may be incorrect. [C:\Users\bardi\Desktop\AI_VHDL\VHDL_CODE\VHDL_CODE.srcs\sources_1\new\top_module.vhd:]
WARNING: [filemgmt 56-199] Attempt to get parsing info during refresh. "On-the-fly" syntax checking information may be incorrect. [C:\Users\bardi\Desktop\AI_VHDL\VHDL_CODE\VHDL_CODE.srcs\sources_1\new\weights.vhd:]
WARNING: [filemgmt 56-199] Attempt to get parsing info during refresh. "On-the-fly" syntax checking information may be incorrect. [C:\Users\bardi\Desktop\AI_VHDL\VHDL_CODE\VHDL_CODE.srcs\sources_1\new\Ai_processing.vhd:]
ERROR: [Common 17-180] Spawn failed: No such file or directory
WARNING: [filemgmt 56-199] Attempt to get parsing info during refresh. "On-the-fly" syntax checking information may be incorrect. [C:\Users\bardi\Desktop\AI_VHDL\VHDL_CODE\VHDL_CODE.srcs\sources_1\new\MAIN.vhd:]
WARNING: [filemgmt 56-199] Attempt to get parsing info during refresh. "On-the-fly" syntax checking information may be incorrect. [C:\Users\bardi\Desktop\AI_VHDL\VHDL_CODE\VHDL_CODE.srcs\sources_1\new\top_module.vhd:]
WARNING: [filemgmt 56-199] Attempt to get parsing info during refresh. "On-the-fly" syntax checking information may be incorrect. [C:\Users\bardi\Desktop\AI_VHDL\VHDL_CODE\VHDL_CODE.srcs\sources_1\new\weights.vhd:]
WARNING: [filemgmt 56-199] Attempt to get parsing info during refresh. "On-the-fly" syntax checking information may be incorrect. [C:\Users\bardi\Desktop\AI_VHDL\VHDL_CODE\VHDL_CODE.srcs\sources_1\new\Ai_processing.vhd:]
reset_run synth_1
INFO: [Project 1-1161] Replacing file C:/Users/bardi/Desktop/AI_VHDL/VHDL_CODE/VHDL_CODE.srcs/utils_1/imports/synth_1/vga.dcp with file C:/Users/bardi/Desktop/AI_VHDL/VHDL_CODE/VHDL_CODE.runs/synth_1/vga.dcp
WARNING: [filemgmt 56-199] Attempt to get parsing info during refresh. "On-the-fly" syntax checking information may be incorrect. [C:\Users\bardi\Desktop\AI_VHDL\VHDL_CODE\VHDL_CODE.srcs\sources_1\new\MAIN.vhd:]
WARNING: [filemgmt 56-199] Attempt to get parsing info during refresh. "On-the-fly" syntax checking information may be incorrect. [C:\Users\bardi\Desktop\AI_VHDL\VHDL_CODE\VHDL_CODE.srcs\sources_1\new\top_module.vhd:]
WARNING: [filemgmt 56-199] Attempt to get parsing info during refresh. "On-the-fly" syntax checking information may be incorrect. [C:\Users\bardi\Desktop\AI_VHDL\VHDL_CODE\VHDL_CODE.srcs\sources_1\new\weights.vhd:]
WARNING: [filemgmt 56-199] Attempt to get parsing info during refresh. "On-the-fly" syntax checking information may be incorrect. [C:\Users\bardi\Desktop\AI_VHDL\VHDL_CODE\VHDL_CODE.srcs\sources_1\new\Ai_processing.vhd:]
launch_runs impl_1 -jobs 32
[Sun Jul  6 12:08:39 2025] Launched synth_1...
Run output will be captured here: C:/Users/bardi/Desktop/AI_VHDL/VHDL_CODE/VHDL_CODE.runs/synth_1/runme.log
[Sun Jul  6 12:08:39 2025] Launched impl_1...
Run output will be captured here: C:/Users/bardi/Desktop/AI_VHDL/VHDL_CODE/VHDL_CODE.runs/impl_1/runme.log
ERROR: [Common 17-180] Spawn failed: No such file or directory
WARNING: [filemgmt 56-199] Attempt to get parsing info during refresh. "On-the-fly" syntax checking information may be incorrect. [C:\Users\bardi\Desktop\AI_VHDL\VHDL_CODE\VHDL_CODE.srcs\sources_1\new\MAIN.vhd:]
WARNING: [filemgmt 56-199] Attempt to get parsing info during refresh. "On-the-fly" syntax checking information may be incorrect. [C:\Users\bardi\Desktop\AI_VHDL\VHDL_CODE\VHDL_CODE.srcs\sources_1\new\top_module.vhd:]
WARNING: [filemgmt 56-199] Attempt to get parsing info during refresh. "On-the-fly" syntax checking information may be incorrect. [C:\Users\bardi\Desktop\AI_VHDL\VHDL_CODE\VHDL_CODE.srcs\sources_1\new\weights.vhd:]
WARNING: [filemgmt 56-199] Attempt to get parsing info during refresh. "On-the-fly" syntax checking information may be incorrect. [C:\Users\bardi\Desktop\AI_VHDL\VHDL_CODE\VHDL_CODE.srcs\sources_1\new\Ai_processing.vhd:]
launch_runs impl_1 -to_step write_bitstream -jobs 32
[Sun Jul  6 12:14:58 2025] Launched impl_1...
Run output will be captured here: C:/Users/bardi/Desktop/AI_VHDL/VHDL_CODE/VHDL_CODE.runs/impl_1/runme.log
open_hw_manager
connect_hw_server -allow_non_jtag
INFO: [Labtools 27-2285] Connecting to hw_server url TCP:localhost:3121
INFO: [Labtools 27-2222] Launching hw_server...
INFO: [Labtools 27-2221] Launch Output:
ECHO is off.
ECHO is off.

****** Xilinx hw_server v2023.2
  **** Build date : Oct 13 2023 at 21:31:40
    ** Copyright 1986-2022 Xilinx, Inc. All Rights Reserved.


INFO: [Labtools 27-3415] Connecting to cs_server url TCP:localhost:0
INFO: [Labtools 27-3417] Launching cs_server...
INFO: [Labtools 27-2221] Launch Output:
ECHO is off.
ECHO is off.


******** Xilinx cs_server v2023.2.0
  ****** Build date   : Oct 10 2023-07:01:56
    **** Build number : 2023.2.1696910516
      ** Copyright 2017-2022 Xilinx, Inc. All Rights Reserved.
      ** Copyright 2022-2025 Advanced Micro Devices, Inc. All Rights Reserved.



open_hw_target
INFO: [Labtoolstcl 44-466] Opening hw_target localhost:3121/xilinx_tcf/Digilent/210183736526A
set_property PROGRAM.FILE {C:/Users/bardi/Desktop/AI_VHDL/VHDL_CODE/VHDL_CODE.runs/impl_1/vga.bit} [get_hw_devices xc7a35t_0]
current_hw_device [get_hw_devices xc7a35t_0]
refresh_hw_device -update_hw_probes false [lindex [get_hw_devices xc7a35t_0] 0]
INFO: [Labtools 27-1434] Device xc7a35t (JTAG device index = 0) is programmed with a design that has no supported debug core(s) in it.
open_run impl_1
INFO: [Device 21-403] Loading part xc7a35tcpg236-1
Netlist sorting complete. Time (s): cpu = 00:00:00 ; elapsed = 00:00:00.017 . Memory (MB): peak = 2090.000 ; gain = 0.000
INFO: [Netlist 29-17] Analyzing 1471 Unisim elements for replacement
INFO: [Netlist 29-28] Unisim Transformation completed in 0 CPU seconds
INFO: [Project 1-479] Netlist was created with Vivado 2023.2
INFO: [Project 1-570] Preparing netlist for logic optimization
Read ShapeDB Complete: Time (s): cpu = 00:00:00 ; elapsed = 00:00:00.010 . Memory (MB): peak = 2190.379 ; gain = 2.238
INFO: [Timing 38-478] Restoring timing data from binary archive.
INFO: [Timing 38-479] Binary timing data restore complete.
INFO: [Project 1-856] Restoring constraints from binary archive.
INFO: [Project 1-853] Binary constraint restore complete.
INFO: [Designutils 20-5722] Start Reading Physical Databases.
Reading placement.
Read Netlist Cache: Time (s): cpu = 00:00:00 ; elapsed = 00:00:00.006 . Memory (MB): peak = 2798.148 ; gain = 0.000
Reading placer database...
Read Device Cache: Time (s): cpu = 00:00:00 ; elapsed = 00:00:00.004 . Memory (MB): peak = 2798.148 ; gain = 0.000
Read PlaceDB: Time (s): cpu = 00:00:00 ; elapsed = 00:00:00.109 . Memory (MB): peak = 2798.148 ; gain = 0.000
Read PulsedLatchDB: Time (s): cpu = 00:00:00 ; elapsed = 00:00:00 . Memory (MB): peak = 2798.148 ; gain = 0.000
Reading routing.
Read RouteStorage: Time (s): cpu = 00:00:00 ; elapsed = 00:00:00.064 . Memory (MB): peak = 2798.148 ; gain = 0.000
Read Physdb Files: Time (s): cpu = 00:00:00 ; elapsed = 00:00:00.191 . Memory (MB): peak = 2798.148 ; gain = 0.000
Restored from archive | CPU: 0.000000 secs | Memory: 0.000000 MB |
Finished XDEF File Restore: Time (s): cpu = 00:00:00 ; elapsed = 00:00:00.192 . Memory (MB): peak = 2798.148 ; gain = 0.000
Netlist sorting complete. Time (s): cpu = 00:00:00 ; elapsed = 00:00:00.001 . Memory (MB): peak = 2798.148 ; gain = 0.000
INFO: [Project 1-111] Unisim Transformation Summary:
  A total of 9 instances were transformed.
  RAM64M => RAM64M (RAMD64E(x4)): 9 instances

open_run: Time (s): cpu = 00:00:10 ; elapsed = 00:00:08 . Memory (MB): peak = 2959.629 ; gain = 1177.070
CRITICAL WARNING: [Timing 38-282] The design failed to meet the timing requirements. Please see the timing summary report for details on the timing violations.
set_property PROBES.FILE {} [get_hw_devices xc7a35t_0]
set_property FULL_PROBES.FILE {} [get_hw_devices xc7a35t_0]
set_property PROGRAM.FILE {C:/Users/bardi/Desktop/AI_VHDL/VHDL_CODE/VHDL_CODE.runs/impl_1/vga.bit} [get_hw_devices xc7a35t_0]
program_hw_devices [get_hw_devices xc7a35t_0]
INFO: [Labtools 27-3164] End of startup status: HIGH
refresh_hw_device [lindex [get_hw_devices xc7a35t_0] 0]
INFO: [Labtools 27-1434] Device xc7a35t (JTAG device index = 0) is programmed with a design that has no supported debug core(s) in it.
ERROR: [Labtoolstcl 44-513] HW Target shutdown. Closing target: localhost:3121/xilinx_tcf/Digilent/210183736526A
WARNING: [filemgmt 56-199] Attempt to get parsing info during refresh. "On-the-fly" syntax checking information may be incorrect. [C:\Users\bardi\Desktop\AI_VHDL\VHDL_CODE\VHDL_CODE.srcs\sources_1\new\MAIN.vhd:]
WARNING: [filemgmt 56-199] Attempt to get parsing info during refresh. "On-the-fly" syntax checking information may be incorrect. [C:\Users\bardi\Desktop\AI_VHDL\VHDL_CODE\VHDL_CODE.srcs\sources_1\new\top_module.vhd:]
WARNING: [filemgmt 56-199] Attempt to get parsing info during refresh. "On-the-fly" syntax checking information may be incorrect. [C:\Users\bardi\Desktop\AI_VHDL\VHDL_CODE\VHDL_CODE.srcs\sources_1\new\weights.vhd:]
WARNING: [filemgmt 56-199] Attempt to get parsing info during refresh. "On-the-fly" syntax checking information may be incorrect. [C:\Users\bardi\Desktop\AI_VHDL\VHDL_CODE\VHDL_CODE.srcs\sources_1\new\Ai_processing.vhd:]
WARNING: [filemgmt 56-199] Attempt to get parsing info during refresh. "On-the-fly" syntax checking information may be incorrect. [C:\Users\bardi\Desktop\AI_VHDL\VHDL_CODE\VHDL_CODE.srcs\sources_1\new\MAIN.vhd:]
WARNING: [filemgmt 56-199] Attempt to get parsing info during refresh. "On-the-fly" syntax checking information may be incorrect. [C:\Users\bardi\Desktop\AI_VHDL\VHDL_CODE\VHDL_CODE.srcs\sources_1\new\top_module.vhd:]
WARNING: [filemgmt 56-199] Attempt to get parsing info during refresh. "On-the-fly" syntax checking information may be incorrect. [C:\Users\bardi\Desktop\AI_VHDL\VHDL_CODE\VHDL_CODE.srcs\sources_1\new\weights.vhd:]
WARNING: [filemgmt 56-199] Attempt to get parsing info during refresh. "On-the-fly" syntax checking information may be incorrect. [C:\Users\bardi\Desktop\AI_VHDL\VHDL_CODE\VHDL_CODE.srcs\sources_1\new\Ai_processing.vhd:]
exit
ERROR: [Common 17-180] Spawn failed: No such file or directory
ERROR: [Common 17-39] 'stop_gui' failed due to earlier errors.
INFO: [Common 17-206] Exiting Vivado at Sun Jul  6 12:25:33 2025...
